# Bake Begins!
### (1 of 6) Copy sources
$ cp -a /home/travis/build/fontdirectory/playfairdisplaysc/METADATA.json /home/travis/build/fontdirectory/playfairdisplaysc/builds/build
$ cp -a /home/travis/build/fontdirectory/playfairdisplaysc/DESCRIPTION.en_us.html /home/travis/build/fontdirectory/playfairdisplaysc/builds/build
$ cp -a PlayfairDisplaySC-Regular.ttf.ttx PlayfairDisplaySC-Italic.ttf.ttx PlayfairDisplaySC-BoldItalic.ttf.ttx PlayfairDisplaySC-Bold.ttf.ttx PlayfairDisplaySC-BlackItalic.ttf.ttx PlayfairDisplaySC-Black.ttf.ttx PlayfairDisplaySC-Regular.ttf._p_r_e_p.ttx PlayfairDisplaySC-Regular.ttf._p_o_s_t.ttx PlayfairDisplaySC-Regular.ttf._n_a_m_e.ttx PlayfairDisplaySC-Regular.ttf._m_a_x_p.ttx PlayfairDisplaySC-Regular.ttf._l_o_c_a.ttx PlayfairDisplaySC-Regular.ttf._h_m_t_x.ttx PlayfairDisplaySC-Regular.ttf._h_h_e_a.ttx PlayfairDisplaySC-Regular.ttf._h_e_a_d.ttx PlayfairDisplaySC-Regular.ttf._g_l_y_f.ttx PlayfairDisplaySC-Regular.ttf._g_a_s_p.ttx PlayfairDisplaySC-Regular.ttf._f_p_g_m.ttx PlayfairDisplaySC-Regular.ttf._c_v_t.ttx PlayfairDisplaySC-Regular.ttf._c_m_a_p.ttx PlayfairDisplaySC-Regular.ttf.O_S_2f_2.ttx PlayfairDisplaySC-Regular.ttf.GlyphOrder.ttx PlayfairDisplaySC-Regular.ttf.G_S_U_B_.ttx PlayfairDisplaySC-Regular.ttf.G_P_O_S_.ttx PlayfairDisplaySC-Regular.ttf.G_D_E_F_.ttx PlayfairDisplaySC-Italic.ttf._p_r_e_p.ttx PlayfairDisplaySC-Italic.ttf._p_o_s_t.ttx PlayfairDisplaySC-Italic.ttf._n_a_m_e.ttx PlayfairDisplaySC-Italic.ttf._m_a_x_p.ttx PlayfairDisplaySC-Italic.ttf._l_o_c_a.ttx PlayfairDisplaySC-Italic.ttf._h_m_t_x.ttx PlayfairDisplaySC-Italic.ttf._h_h_e_a.ttx PlayfairDisplaySC-Italic.ttf._h_e_a_d.ttx PlayfairDisplaySC-Italic.ttf._g_l_y_f.ttx PlayfairDisplaySC-Italic.ttf._g_a_s_p.ttx PlayfairDisplaySC-Italic.ttf._f_p_g_m.ttx PlayfairDisplaySC-Italic.ttf._c_v_t.ttx PlayfairDisplaySC-Italic.ttf._c_m_a_p.ttx PlayfairDisplaySC-Italic.ttf.O_S_2f_2.ttx PlayfairDisplaySC-Italic.ttf.GlyphOrder.ttx PlayfairDisplaySC-Italic.ttf.G_S_U_B_.ttx PlayfairDisplaySC-Italic.ttf.G_P_O_S_.ttx PlayfairDisplaySC-Italic.ttf.G_D_E_F_.ttx PlayfairDisplaySC-BoldItalic.ttf._p_r_e_p.ttx PlayfairDisplaySC-BoldItalic.ttf._p_o_s_t.ttx PlayfairDisplaySC-BoldItalic.ttf._n_a_m_e.ttx PlayfairDisplaySC-BoldItalic.ttf._m_a_x_p.ttx PlayfairDisplaySC-BoldItalic.ttf._l_o_c_a.ttx PlayfairDisplaySC-BoldItalic.ttf._h_m_t_x.ttx PlayfairDisplaySC-BoldItalic.ttf._h_h_e_a.ttx PlayfairDisplaySC-BoldItalic.ttf._h_e_a_d.ttx PlayfairDisplaySC-BoldItalic.ttf._g_l_y_f.ttx PlayfairDisplaySC-BoldItalic.ttf._g_a_s_p.ttx PlayfairDisplaySC-BoldItalic.ttf._f_p_g_m.ttx PlayfairDisplaySC-BoldItalic.ttf._c_v_t.ttx PlayfairDisplaySC-BoldItalic.ttf._c_m_a_p.ttx PlayfairDisplaySC-BoldItalic.ttf.O_S_2f_2.ttx PlayfairDisplaySC-BoldItalic.ttf.GlyphOrder.ttx PlayfairDisplaySC-BoldItalic.ttf.G_S_U_B_.ttx PlayfairDisplaySC-BoldItalic.ttf.G_P_O_S_.ttx PlayfairDisplaySC-BoldItalic.ttf.G_D_E_F_.ttx PlayfairDisplaySC-Bold.ttf._p_r_e_p.ttx PlayfairDisplaySC-Bold.ttf._p_o_s_t.ttx PlayfairDisplaySC-Bold.ttf._n_a_m_e.ttx PlayfairDisplaySC-Bold.ttf._m_a_x_p.ttx PlayfairDisplaySC-Bold.ttf._l_o_c_a.ttx PlayfairDisplaySC-Bold.ttf._h_m_t_x.ttx PlayfairDisplaySC-Bold.ttf._h_h_e_a.ttx PlayfairDisplaySC-Bold.ttf._h_e_a_d.ttx PlayfairDisplaySC-Bold.ttf._g_l_y_f.ttx PlayfairDisplaySC-Bold.ttf._g_a_s_p.ttx PlayfairDisplaySC-Bold.ttf._f_p_g_m.ttx PlayfairDisplaySC-Bold.ttf._c_v_t.ttx PlayfairDisplaySC-Bold.ttf._c_m_a_p.ttx PlayfairDisplaySC-Bold.ttf.O_S_2f_2.ttx PlayfairDisplaySC-Bold.ttf.GlyphOrder.ttx PlayfairDisplaySC-Bold.ttf.G_S_U_B_.ttx PlayfairDisplaySC-Bold.ttf.G_P_O_S_.ttx PlayfairDisplaySC-Bold.ttf.G_D_E_F_.ttx PlayfairDisplaySC-BlackItalic.ttf._p_r_e_p.ttx PlayfairDisplaySC-BlackItalic.ttf._p_o_s_t.ttx PlayfairDisplaySC-BlackItalic.ttf._n_a_m_e.ttx PlayfairDisplaySC-BlackItalic.ttf._m_a_x_p.ttx PlayfairDisplaySC-BlackItalic.ttf._l_o_c_a.ttx PlayfairDisplaySC-BlackItalic.ttf._h_m_t_x.ttx PlayfairDisplaySC-BlackItalic.ttf._h_h_e_a.ttx PlayfairDisplaySC-BlackItalic.ttf._h_e_a_d.ttx PlayfairDisplaySC-BlackItalic.ttf._g_l_y_f.ttx PlayfairDisplaySC-BlackItalic.ttf._g_a_s_p.ttx PlayfairDisplaySC-BlackItalic.ttf._f_p_g_m.ttx PlayfairDisplaySC-BlackItalic.ttf._c_v_t.ttx PlayfairDisplaySC-BlackItalic.ttf._c_m_a_p.ttx PlayfairDisplaySC-BlackItalic.ttf.O_S_2f_2.ttx PlayfairDisplaySC-BlackItalic.ttf.GlyphOrder.ttx PlayfairDisplaySC-BlackItalic.ttf.G_S_U_B_.ttx PlayfairDisplaySC-BlackItalic.ttf.G_P_O_S_.ttx PlayfairDisplaySC-BlackItalic.ttf.G_D_E_F_.ttx PlayfairDisplaySC-Black.ttf._p_r_e_p.ttx PlayfairDisplaySC-Black.ttf._p_o_s_t.ttx PlayfairDisplaySC-Black.ttf._n_a_m_e.ttx PlayfairDisplaySC-Black.ttf._m_a_x_p.ttx PlayfairDisplaySC-Black.ttf._l_o_c_a.ttx PlayfairDisplaySC-Black.ttf._h_m_t_x.ttx PlayfairDisplaySC-Black.ttf._h_h_e_a.ttx PlayfairDisplaySC-Black.ttf._h_e_a_d.ttx PlayfairDisplaySC-Black.ttf._g_l_y_f.ttx PlayfairDisplaySC-Black.ttf._g_a_s_p.ttx PlayfairDisplaySC-Black.ttf._f_p_g_m.ttx PlayfairDisplaySC-Black.ttf._c_v_t.ttx PlayfairDisplaySC-Black.ttf._c_m_a_p.ttx PlayfairDisplaySC-Black.ttf.O_S_2f_2.ttx PlayfairDisplaySC-Black.ttf.GlyphOrder.ttx PlayfairDisplaySC-Black.ttf.G_S_U_B_.ttx PlayfairDisplaySC-Black.ttf.G_P_O_S_.ttx PlayfairDisplaySC-Black.ttf.G_D_E_F_.ttx /home/travis/build/fontdirectory/playfairdisplaysc/builds/build/sources
### (2 of 6) pyfontaine
### (3 of 6) Run upstream tests
$ fontbakery-check.py upstream-repo sources
$ fontaine --collections subsets --text /home/travis/build/fontdirectory/playfairdisplaysc/builds/build/sources/PlayfairDisplaySC-Black.ttf.ttx /home/travis/build/fontdirectory/playfairdisplaysc/builds/build/sources/PlayfairDisplaySC-BlackItalic.ttf.ttx /home/travis/build/fontdirectory/playfairdisplaysc/builds/build/sources/PlayfairDisplaySC-Bold.ttf.ttx /home/travis/build/fontdirectory/playfairdisplaysc/builds/build/sources/PlayfairDisplaySC-BoldItalic.ttf.ttx /home/travis/build/fontdirectory/playfairdisplaysc/builds/build/sources/PlayfairDisplaySC-Italic.ttf.ttx /home/travis/build/fontdirectory/playfairdisplaysc/builds/build/sources/PlayfairDisplaySC-Regular.ttf.ttx > fontaine.txt
WARNING: Please install [PyICU](https://pypi.python.org/pypi/PyICU) toenable [feature], perhaps with: pip install pyicu
bakery_lint.tests.upstream.test_prepolation.FontTestPrepolation.test_font_prepolation_glyph_contours(): OK
end of pyfontaine process
bakery_lint.tests.upstream.test_prepolation.FontTestPrepolation.test_font_prepolation_glyph_points(): OK
bakery_lint.tests.upstream.test_prepolation.FontTestPrepolation.test_font_test_prepolation_glyph_names(): OK
bakery_lint.tests.upstream.test_diacritic.TestDiacritic.test_diacritic_made_as_component(): OK
bakery_lint.tests.upstream.test_diacritic.TestDiacritic.test_diacritic_made_as_mark_to_mark(): OK
bakery_lint.tests.upstream.test_diacritic.TestDiacritic.test_diacritic_made_as_own_glyphs(): OK
bakery_lint.tests.upstream.test_check_upstream_sources.ProjectUpstreamTestCase.test_bakery_yaml_exists(): OK
bakery_lint.tests.upstream.test_check_upstream_sources.ProjectUpstreamTestCase.test_copyright_notices_same_across_family(): OK
bakery_lint.tests.upstream.test_check_upstream_sources.ProjectUpstreamTestCase.test_description_html_exists(): OK
bakery_lint.tests.upstream.test_check_upstream_sources.ProjectUpstreamTestCase.test_fontlog_txt_exists(): FAIL
bakery_lint.tests.upstream.test_check_upstream_sources.ProjectUpstreamTestCase.test_metadata_json_exists(): OK
$ fontbakery-check.py upstream-ttx PlayfairDisplaySC-Black.ttf.ttx
bakery_lint.tests.upstream.test_glyphname_does_not_contain_disallowed_chars.TestGlyphNameDoesNotContainsDisallowedChars.test_glyphname_does_not_contain_disallowed_chars(): FAIL
bakery_lint.tests.upstream.test_font_filename_eq_familystyle.TestTTFSourceFontFileNameEqualsFamilyStyle.test_source_ttf_font_filename_equals_familystyle(): FAIL
$ mv /home/travis/build/fontdirectory/playfairdisplaysc/builds/build/sources/PlayfairDisplaySC-Black.ttf.ttx /home/travis/build/fontdirectory/playfairdisplaysc/builds/build/sources/PlayfairDisplaySC-Black.ttx
bakery_lint.tests.upstream.test_font_filename_eq_familystyle.TestTTFSourceFontFileNameEqualsFamilyStyle.test_source_ttf_font_filename_equals_familystyle(): OK
bakery_lint.tests.upstream.test_check_ttx_requirements.SourceTTXTest.test_epar_in_keys(): FAIL
bakery_lint.tests.upstream.test_check_ttx_requirements.SourceTTXTest.test_os2_in_keys(): OK
bakery_lint.tests.upstream.test_check_ttx_requirements.SourceTTXTest.test_ttx_doesnt_contain_duplicate_glyphs(): OK
bakery_lint.tests.upstream.test_check_ttx_fontfamily_recommendations.TTX_FontFamilyNamingTest.test_ttx_family_naming_recommendation(): OK
$ fontbakery-check.py upstream-ttx PlayfairDisplaySC-BlackItalic.ttf.ttx
bakery_lint.tests.upstream.test_glyphname_does_not_contain_disallowed_chars.TestGlyphNameDoesNotContainsDisallowedChars.test_glyphname_does_not_contain_disallowed_chars(): FAIL
bakery_lint.tests.upstream.test_font_filename_eq_familystyle.TestTTFSourceFontFileNameEqualsFamilyStyle.test_source_ttf_font_filename_equals_familystyle(): FAIL
$ mv /home/travis/build/fontdirectory/playfairdisplaysc/builds/build/sources/PlayfairDisplaySC-BlackItalic.ttf.ttx /home/travis/build/fontdirectory/playfairdisplaysc/builds/build/sources/PlayfairDisplaySC-BlackItalic.ttx
bakery_lint.tests.upstream.test_font_filename_eq_familystyle.TestTTFSourceFontFileNameEqualsFamilyStyle.test_source_ttf_font_filename_equals_familystyle(): OK
bakery_lint.tests.upstream.test_check_ttx_requirements.SourceTTXTest.test_epar_in_keys(): FAIL
bakery_lint.tests.upstream.test_check_ttx_requirements.SourceTTXTest.test_os2_in_keys(): OK
bakery_lint.tests.upstream.test_check_ttx_requirements.SourceTTXTest.test_ttx_doesnt_contain_duplicate_glyphs(): OK
bakery_lint.tests.upstream.test_check_ttx_fontfamily_recommendations.TTX_FontFamilyNamingTest.test_ttx_family_naming_recommendation(): OK
$ fontbakery-check.py upstream-ttx PlayfairDisplaySC-Bold.ttf.ttx
bakery_lint.tests.upstream.test_glyphname_does_not_contain_disallowed_chars.TestGlyphNameDoesNotContainsDisallowedChars.test_glyphname_does_not_contain_disallowed_chars(): FAIL
bakery_lint.tests.upstream.test_font_filename_eq_familystyle.TestTTFSourceFontFileNameEqualsFamilyStyle.test_source_ttf_font_filename_equals_familystyle(): FAIL
$ mv /home/travis/build/fontdirectory/playfairdisplaysc/builds/build/sources/PlayfairDisplaySC-Bold.ttf.ttx /home/travis/build/fontdirectory/playfairdisplaysc/builds/build/sources/PlayfairDisplaySC-Bold.ttx
bakery_lint.tests.upstream.test_font_filename_eq_familystyle.TestTTFSourceFontFileNameEqualsFamilyStyle.test_source_ttf_font_filename_equals_familystyle(): OK
bakery_lint.tests.upstream.test_check_ttx_requirements.SourceTTXTest.test_epar_in_keys(): FAIL
bakery_lint.tests.upstream.test_check_ttx_requirements.SourceTTXTest.test_os2_in_keys(): OK
bakery_lint.tests.upstream.test_check_ttx_requirements.SourceTTXTest.test_ttx_doesnt_contain_duplicate_glyphs(): OK
bakery_lint.tests.upstream.test_check_ttx_fontfamily_recommendations.TTX_FontFamilyNamingTest.test_ttx_family_naming_recommendation(): OK
$ fontbakery-check.py upstream-ttx PlayfairDisplaySC-BoldItalic.ttf.ttx
bakery_lint.tests.upstream.test_glyphname_does_not_contain_disallowed_chars.TestGlyphNameDoesNotContainsDisallowedChars.test_glyphname_does_not_contain_disallowed_chars(): FAIL
bakery_lint.tests.upstream.test_font_filename_eq_familystyle.TestTTFSourceFontFileNameEqualsFamilyStyle.test_source_ttf_font_filename_equals_familystyle(): FAIL
$ mv /home/travis/build/fontdirectory/playfairdisplaysc/builds/build/sources/PlayfairDisplaySC-BoldItalic.ttf.ttx /home/travis/build/fontdirectory/playfairdisplaysc/builds/build/sources/PlayfairDisplaySC-BoldItalic.ttx
bakery_lint.tests.upstream.test_font_filename_eq_familystyle.TestTTFSourceFontFileNameEqualsFamilyStyle.test_source_ttf_font_filename_equals_familystyle(): OK
bakery_lint.tests.upstream.test_check_ttx_requirements.SourceTTXTest.test_epar_in_keys(): FAIL
bakery_lint.tests.upstream.test_check_ttx_requirements.SourceTTXTest.test_os2_in_keys(): OK
bakery_lint.tests.upstream.test_check_ttx_requirements.SourceTTXTest.test_ttx_doesnt_contain_duplicate_glyphs(): OK
bakery_lint.tests.upstream.test_check_ttx_fontfamily_recommendations.TTX_FontFamilyNamingTest.test_ttx_family_naming_recommendation(): OK
$ fontbakery-check.py upstream-ttx PlayfairDisplaySC-Italic.ttf.ttx
bakery_lint.tests.upstream.test_glyphname_does_not_contain_disallowed_chars.TestGlyphNameDoesNotContainsDisallowedChars.test_glyphname_does_not_contain_disallowed_chars(): FAIL
bakery_lint.tests.upstream.test_font_filename_eq_familystyle.TestTTFSourceFontFileNameEqualsFamilyStyle.test_source_ttf_font_filename_equals_familystyle(): FAIL
$ mv /home/travis/build/fontdirectory/playfairdisplaysc/builds/build/sources/PlayfairDisplaySC-Italic.ttf.ttx /home/travis/build/fontdirectory/playfairdisplaysc/builds/build/sources/PlayfairDisplaySC-Italic.ttx
bakery_lint.tests.upstream.test_font_filename_eq_familystyle.TestTTFSourceFontFileNameEqualsFamilyStyle.test_source_ttf_font_filename_equals_familystyle(): OK
bakery_lint.tests.upstream.test_check_ttx_requirements.SourceTTXTest.test_epar_in_keys(): FAIL
bakery_lint.tests.upstream.test_check_ttx_requirements.SourceTTXTest.test_os2_in_keys(): OK
bakery_lint.tests.upstream.test_check_ttx_requirements.SourceTTXTest.test_ttx_doesnt_contain_duplicate_glyphs(): OK
bakery_lint.tests.upstream.test_check_ttx_fontfamily_recommendations.TTX_FontFamilyNamingTest.test_ttx_family_naming_recommendation(): OK
$ fontbakery-check.py upstream-ttx PlayfairDisplaySC-Regular.ttf.ttx
bakery_lint.tests.upstream.test_glyphname_does_not_contain_disallowed_chars.TestGlyphNameDoesNotContainsDisallowedChars.test_glyphname_does_not_contain_disallowed_chars(): FAIL
bakery_lint.tests.upstream.test_font_filename_eq_familystyle.TestTTFSourceFontFileNameEqualsFamilyStyle.test_source_ttf_font_filename_equals_familystyle(): FAIL
$ mv /home/travis/build/fontdirectory/playfairdisplaysc/builds/build/sources/PlayfairDisplaySC-Regular.ttf.ttx /home/travis/build/fontdirectory/playfairdisplaysc/builds/build/sources/PlayfairDisplaySC-Regular.ttx
bakery_lint.tests.upstream.test_font_filename_eq_familystyle.TestTTFSourceFontFileNameEqualsFamilyStyle.test_source_ttf_font_filename_equals_familystyle(): OK
bakery_lint.tests.upstream.test_check_ttx_requirements.SourceTTXTest.test_epar_in_keys(): FAIL
bakery_lint.tests.upstream.test_check_ttx_requirements.SourceTTXTest.test_os2_in_keys(): OK
bakery_lint.tests.upstream.test_check_ttx_requirements.SourceTTXTest.test_ttx_doesnt_contain_duplicate_glyphs(): OK
bakery_lint.tests.upstream.test_check_ttx_fontfamily_recommendations.TTX_FontFamilyNamingTest.test_ttx_family_naming_recommendation(): OK
### (4 of 6) Convert sources to TTF
$ ttx -d /home/travis/build/fontdirectory/playfairdisplaysc/builds/build /home/travis/build/fontdirectory/playfairdisplaysc/builds/build/sources/PlayfairDisplaySC-Regular.ttx /home/travis/build/fontdirectory/playfairdisplaysc/builds/build/sources/PlayfairDisplaySC-Italic.ttx /home/travis/build/fontdirectory/playfairdisplaysc/builds/build/sources/PlayfairDisplaySC-BoldItalic.ttx /home/travis/build/fontdirectory/playfairdisplaysc/builds/build/sources/PlayfairDisplaySC-Bold.ttx /home/travis/build/fontdirectory/playfairdisplaysc/builds/build/sources/PlayfairDisplaySC-BlackItalic.ttx /home/travis/build/fontdirectory/playfairdisplaysc/builds/build/sources/PlayfairDisplaySC-Black.ttx
Compiling "/home/travis/build/fontdirectory/playfairdisplaysc/builds/build/sources/PlayfairDisplaySC-Regular.ttx" to "/home/travis/build/fontdirectory/playfairdisplaysc/builds/build/PlayfairDisplaySC-Regular.ttf"...
Parsing 'GlyphOrder' table...
Parsing 'head' table...
Parsing 'hhea' table...
Parsing 'maxp' table...
Parsing 'OS/2' table...
Parsing 'hmtx' table...
Parsing 'cmap' table...
Parsing 'fpgm' table...
Parsing 'prep' table...
Parsing 'cvt ' table...
Parsing 'loca' table...
Parsing 'glyf' table...
Parsing 'name' table...
Parsing 'post' table...
Parsing 'gasp' table...
Parsing 'GDEF' table...
Parsing 'GPOS' table...
Parsing 'GSUB' table...
Compiling "/home/travis/build/fontdirectory/playfairdisplaysc/builds/build/sources/PlayfairDisplaySC-Italic.ttx" to "/home/travis/build/fontdirectory/playfairdisplaysc/builds/build/PlayfairDisplaySC-Italic.ttf"...
Parsing 'GlyphOrder' table...
Parsing 'head' table...
Parsing 'hhea' table...
Parsing 'maxp' table...
Parsing 'OS/2' table...
Parsing 'hmtx' table...
Parsing 'cmap' table...
Parsing 'fpgm' table...
Parsing 'prep' table...
Parsing 'cvt ' table...
Parsing 'loca' table...
Parsing 'glyf' table...
Parsing 'name' table...
Parsing 'post' table...
Parsing 'gasp' table...
Parsing 'GDEF' table...
Parsing 'GPOS' table...
Parsing 'GSUB' table...
Compiling "/home/travis/build/fontdirectory/playfairdisplaysc/builds/build/sources/PlayfairDisplaySC-BoldItalic.ttx" to "/home/travis/build/fontdirectory/playfairdisplaysc/builds/build/PlayfairDisplaySC-BoldItalic.ttf"...
Parsing 'GlyphOrder' table...
Parsing 'head' table...
Parsing 'hhea' table...
Parsing 'maxp' table...
Parsing 'OS/2' table...
Parsing 'hmtx' table...
Parsing 'cmap' table...
Parsing 'fpgm' table...
Parsing 'prep' table...
Parsing 'cvt ' table...
Parsing 'loca' table...
Parsing 'glyf' table...
Parsing 'name' table...
Parsing 'post' table...
Parsing 'gasp' table...
Parsing 'GDEF' table...
Parsing 'GPOS' table...
Parsing 'GSUB' table...
Compiling "/home/travis/build/fontdirectory/playfairdisplaysc/builds/build/sources/PlayfairDisplaySC-Bold.ttx" to "/home/travis/build/fontdirectory/playfairdisplaysc/builds/build/PlayfairDisplaySC-Bold.ttf"...
Parsing 'GlyphOrder' table...
Parsing 'head' table...
Parsing 'hhea' table...
Parsing 'maxp' table...
Parsing 'OS/2' table...
Parsing 'hmtx' table...
Parsing 'cmap' table...
Parsing 'fpgm' table...
Parsing 'prep' table...
Parsing 'cvt ' table...
Parsing 'loca' table...
Parsing 'glyf' table...
Parsing 'name' table...
Parsing 'post' table...
Parsing 'gasp' table...
Parsing 'GDEF' table...
Parsing 'GPOS' table...
Parsing 'GSUB' table...
Compiling "/home/travis/build/fontdirectory/playfairdisplaysc/builds/build/sources/PlayfairDisplaySC-BlackItalic.ttx" to "/home/travis/build/fontdirectory/playfairdisplaysc/builds/build/PlayfairDisplaySC-BlackItalic.ttf"...
Parsing 'GlyphOrder' table...
Parsing 'head' table...
Parsing 'hhea' table...
Parsing 'maxp' table...
Parsing 'OS/2' table...
Parsing 'hmtx' table...
Parsing 'cmap' table...
Parsing 'fpgm' table...
Parsing 'prep' table...
Parsing 'cvt ' table...
Parsing 'loca' table...
Parsing 'glyf' table...
Parsing 'name' table...
Parsing 'post' table...
Parsing 'gasp' table...
Parsing 'GDEF' table...
Parsing 'GPOS' table...
Parsing 'GSUB' table...
Compiling "/home/travis/build/fontdirectory/playfairdisplaysc/builds/build/sources/PlayfairDisplaySC-Black.ttx" to "/home/travis/build/fontdirectory/playfairdisplaysc/builds/build/PlayfairDisplaySC-Black.ttf"...
Parsing 'GlyphOrder' table...
Parsing 'head' table...
Parsing 'hhea' table...
Parsing 'maxp' table...
Parsing 'OS/2' table...
Parsing 'hmtx' table...
Parsing 'cmap' table...
Parsing 'fpgm' table...
Parsing 'prep' table...
Parsing 'cvt ' table...
Parsing 'loca' table...
Parsing 'glyf' table...
Parsing 'name' table...
Parsing 'post' table...
Parsing 'gasp' table...
Parsing 'GDEF' table...
Parsing 'GPOS' table...
Parsing 'GSUB' table...
### Test PlayfairDisplaySC-Regular.ttf
$ fontbakery-check.py result PlayfairDisplaySC-Regular.ttf
bakery_lint.tests.downstream.test_names_are_ascii_only.CheckNamesAreASCIIOnly.test_check_names_are_ascii_only(): FAIL
$ fontbakery-fix-ascii-fontmetadata.py /home/travis/build/fontdirectory/playfairdisplaysc/builds/build/PlayfairDisplaySC-Regular.ttf
$ mv /home/travis/build/fontdirectory/playfairdisplaysc/builds/build/PlayfairDisplaySC-Regular.ttf.fix /home/travis/build/fontdirectory/playfairdisplaysc/builds/build/PlayfairDisplaySC-Regular.ttf
bakery_lint.tests.downstream.test_names_are_ascii_only.CheckNamesAreASCIIOnly.test_check_names_are_ascii_only(): OK
bakery_lint.tests.downstream.test_gpos_table_has_kerning_info.CheckGposTableHasKerningInfo.test_gpos_table_has_kerning_info(): OK
bakery_lint.tests.downstream.test_gasp_table_value.CheckGaspTableType.test_check_gasp_table_type(): OK
$ fontbakery-fix-gasp.py --set=15 /home/travis/build/fontdirectory/playfairdisplaysc/builds/build/PlayfairDisplaySC-Regular.ttf
$ mv /home/travis/build/fontdirectory/playfairdisplaysc/builds/build/PlayfairDisplaySC-Regular.ttf.fix /home/travis/build/fontdirectory/playfairdisplaysc/builds/build/PlayfairDisplaySC-Regular.ttf
The glyph named Delta is mapped to U+0394.
But its name indicates it should be mapped to U+2206.
The glyph named Omega is mapped to U+03A9.
But its name indicates it should be mapped to U+2126.
The glyph named mu is mapped to U+03BC.
But its name indicates it should be mapped to U+00B5.
bakery_lint.tests.downstream.test_fontforge_validation_state.FontForgeValidateStateTest.test_allowed_numbers_paths_in_composite_glyphs(): OK
bakery_lint.tests.downstream.test_fontforge_validation_state.FontForgeValidateStateTest.test_allowed_numbers_paths_in_glyphs(): OK
bakery_lint.tests.downstream.test_fontforge_validation_state.FontForgeValidateStateTest.test_allowed_numbers_points_in_composite_glyphs(): OK
bakery_lint.tests.downstream.test_fontforge_validation_state.FontForgeValidateStateTest.test_allowed_numbers_points_in_glyphs(): OK
bakery_lint.tests.downstream.test_fontforge_validation_state.FontForgeValidateStateTest.test_duplicate_glyphs(): OK
bakery_lint.tests.downstream.test_fontforge_validation_state.FontForgeValidateStateTest.test_duplicate_unicode_codepoints(): OK
bakery_lint.tests.downstream.test_fontforge_validation_state.FontForgeValidateStateTest.test_flipped_reference_in_glyphs(): FAIL
bakery_lint.tests.downstream.test_fontforge_validation_state.FontForgeValidateStateTest.test_missing_anchors(): OK
bakery_lint.tests.downstream.test_fontforge_validation_state.FontForgeValidateStateTest.test_missing_extrema_in_glyphs(): FAIL
bakery_lint.tests.downstream.test_fontforge_validation_state.FontForgeValidateStateTest.test_overlapped_hints(): OK
bakery_lint.tests.downstream.test_fontforge_validation_state.FontForgeValidateStateTest.test_points_are_integer_aligned(): OK
bakery_lint.tests.downstream.test_fontforge_validation_state.FontForgeValidateStateTest.test_points_are_not_too_far_apart(): OK
bakery_lint.tests.downstream.test_fontforge_validation_state.FontForgeValidateStateTest.test_postscript_hasnt_limit_hints_in_glyphs(): OK
bakery_lint.tests.downstream.test_fontforge_validation_state.FontForgeValidateStateTest.test_postscript_hasnt_limit_points_in_glyphs(): OK
bakery_lint.tests.downstream.test_fontforge_validation_state.FontForgeValidateStateTest.test_referenced_glyphs_are_present(): OK
bakery_lint.tests.downstream.test_fontforge_validation_state.FontForgeValidateStateTest.test_valid_glyph_names(): OK
bakery_lint.tests.downstream.test_fontforge_validation_state.FontForgeValidateStateTest.test_valid_length_instructions(): OK
bakery_lint.tests.downstream.test_fontforge_validation_state.FontForgeValidateStateTest.test_validation_glyph_intersect(): FAIL
bakery_lint.tests.downstream.test_fontforge_validation_state.FontForgeValidateStateTest.test_validation_open_contours(): OK
bakery_lint.tests.downstream.test_fontforge_validation_state.FontForgeValidateStateTest.test_wrong_direction_in_glyphs(): FAIL
bakery_lint.tests.downstream.test_check_vertical_metrics.CheckVerticalLinegapMetrics.test_metrics_linegaps_are_zero(): OK
bakery_lint.tests.downstream.test_check_vertical_metrics.CheckVerticalAscentMetrics.test_metrics_ascents_equal_bbox(): FAIL
$ fontbakery-fix-vertical-metrics.py --autofix /home/travis/build/fontdirectory/playfairdisplaysc/builds/build/PlayfairDisplaySC-Regular.ttf /home/travis/build/fontdirectory/playfairdisplaysc/builds/build/PlayfairDisplaySC-Black.ttf /home/travis/build/fontdirectory/playfairdisplaysc/builds/build/PlayfairDisplaySC-BlackItalic.ttf /home/travis/build/fontdirectory/playfairdisplaysc/builds/build/PlayfairDisplaySC-Bold.ttf /home/travis/build/fontdirectory/playfairdisplaysc/builds/build/PlayfairDisplaySC-BoldItalic.ttf /home/travis/build/fontdirectory/playfairdisplaysc/builds/build/PlayfairDisplaySC-Italic.ttf
$ mv /home/travis/build/fontdirectory/playfairdisplaysc/builds/build/PlayfairDisplaySC-Regular.ttf.fix /home/travis/build/fontdirectory/playfairdisplaysc/builds/build/PlayfairDisplaySC-Regular.ttf
$ mv /home/travis/build/fontdirectory/playfairdisplaysc/builds/build/PlayfairDisplaySC-Black.ttf.fix /home/travis/build/fontdirectory/playfairdisplaysc/builds/build/PlayfairDisplaySC-Black.ttf
$ mv /home/travis/build/fontdirectory/playfairdisplaysc/builds/build/PlayfairDisplaySC-BlackItalic.ttf.fix /home/travis/build/fontdirectory/playfairdisplaysc/builds/build/PlayfairDisplaySC-BlackItalic.ttf
$ mv /home/travis/build/fontdirectory/playfairdisplaysc/builds/build/PlayfairDisplaySC-Bold.ttf.fix /home/travis/build/fontdirectory/playfairdisplaysc/builds/build/PlayfairDisplaySC-Bold.ttf
$ mv /home/travis/build/fontdirectory/playfairdisplaysc/builds/build/PlayfairDisplaySC-BoldItalic.ttf.fix /home/travis/build/fontdirectory/playfairdisplaysc/builds/build/PlayfairDisplaySC-BoldItalic.ttf
$ mv /home/travis/build/fontdirectory/playfairdisplaysc/builds/build/PlayfairDisplaySC-Italic.ttf.fix /home/travis/build/fontdirectory/playfairdisplaysc/builds/build/PlayfairDisplaySC-Italic.ttf
$ fontbakery-fix-vertical-metrics.py /home/travis/build/fontdirectory/playfairdisplaysc/builds/build/PlayfairDisplaySC-Regular.ttf /home/travis/build/fontdirectory/playfairdisplaysc/builds/build/PlayfairDisplaySC-Black.ttf /home/travis/build/fontdirectory/playfairdisplaysc/builds/build/PlayfairDisplaySC-BlackItalic.ttf /home/travis/build/fontdirectory/playfairdisplaysc/builds/build/PlayfairDisplaySC-Bold.ttf /home/travis/build/fontdirectory/playfairdisplaysc/builds/build/PlayfairDisplaySC-BoldItalic.ttf /home/travis/build/fontdirectory/playfairdisplaysc/builds/build/PlayfairDisplaySC-Italic.ttf
Parameter              PlayfairDisplaySC-Regular.ttf    PlayfairDisplaySC-Black.ttf    PlayfairDisplaySC-BlackItalic.ttf    PlayfairDisplaySC-Bold.ttf    PlayfairDisplaySC-BoldItalic.ttf    PlayfairDisplaySC-Italic.ttf    
ymax                   2017                             2037                           2035                                 2029                          1992                                1962                            
hhea.ascent            2037                             2037                           2037                                 2037                          2037                                2037                            
OS/2.sTypoAscender     2037                             2037                           2037                                 2037                          2037                                2037                            
OS/2.usWinAscent       2037                             2037                           2037                                 2037                          2037                                2037                            
ymin                   -494                             -502                           -514                                 -498                          -498                                -494                            
hhea.descent           -514                             -514                           -514                                 -514                          -514                                -514                            
OS/2.sTypoDescender    -514                             -514                           -514                                 -514                          -514                                -514                            
OS/2.usWinDescent      514                              514                            514                                  514                           514                                 514                             
hhea.lineGap           0                                0                              0                                    0                             0                                   0                               
OS/2.sTypoLineGap      0                                0                              0                                    0                             0                                   0                               
hhea total             2551                             2551                           2551                                 2551                          2551                                2551                            
typo total             2551                             2551                           2551                                 2551                          2551                                2551                            
win total              2551                             2551                           2551                                 2551                          2551                                2551                            
UPM:Heights            2048:2511                        2048:2539                      2048:2549                            2048:2527                     2048:2490                           2048:2456                       
UPM:Heights %          122 %                            123 %                          124 %                                123 %                         121 %                               119 %                           


bakery_lint.tests.downstream.test_check_vertical_metrics.CheckVerticalAscentMetrics.test_metrics_ascents_equal_bbox(): OK
bakery_lint.tests.downstream.test_check_vertical_metrics.CheckVerticalDescentMetrics.test_metrics_descents_equal_bbox(): OK
bakery_lint.tests.downstream.test_check_upm_heights_less_120.TestCheckUPMHeightsLess120.test_check_upm_heigths_less_120(): FAIL
bakery_lint.tests.downstream.test_check_unused_glyph_data.CheckUnusedGlyphData.test_check_unused_glyph_data(): ERROR
bakery_lint.tests.downstream.test_check_unencoded_glyph.TestFontUnencodedGlyph.test_font_unencoded_glyphs(): FAIL
$ fontbakery-fix-glyph-private-encoding.py --autofix /home/travis/build/fontdirectory/playfairdisplaysc/builds/build/PlayfairDisplaySC-Regular.ttf
$ mv /home/travis/build/fontdirectory/playfairdisplaysc/builds/build/PlayfairDisplaySC-Regular.ttf.fix /home/travis/build/fontdirectory/playfairdisplaysc/builds/build/PlayfairDisplaySC-Regular.ttf
bakery_lint.tests.downstream.test_check_unencoded_glyph.TestFontUnencodedGlyph.test_font_unencoded_glyphs(): FAIL
bakery_lint.tests.downstream.test_check_panose_identification.CheckPanoseIdentification.test_check_panose_identification(): OK
bakery_lint.tests.downstream.test_check_os2_width_class.CheckOS2WidthClass.test_check_os2_width_class(): OK
bakery_lint.tests.downstream.test_check_no_problematic_formats.CheckNoProblematicFormats.test_check_no_problematic_formats(): OK
bakery_lint.tests.downstream.test_check_nbsp_width_matches_sp_width.CheckNbspWidthMatchesSpWidth.test_check_nbsp_width_matches_sp_width(): FAIL
$ fontbakery-fix-nbsp.py /home/travis/build/fontdirectory/playfairdisplaysc/builds/build/PlayfairDisplaySC-Regular.ttf
$ mv /home/travis/build/fontdirectory/playfairdisplaysc/builds/build/PlayfairDisplaySC-Regular.ttf.fix /home/travis/build/fontdirectory/playfairdisplaysc/builds/build/PlayfairDisplaySC-Regular.ttf
bakery_lint.tests.downstream.test_check_nbsp_width_matches_sp_width.CheckNbspWidthMatchesSpWidth.test_check_nbsp_width_matches_sp_width(): FAIL
bakery_lint.tests.downstream.test_check_names_same_across_platforms.CheckNamesSameAcrossPlatforms.test_check_names_same_across_platforms(): OK
bakery_lint.tests.downstream.test_check_name_table_recommendation.CheckStyleNameRecommendation.test_check_stylename_is_under_recommendations(): OK
bakery_lint.tests.downstream.test_check_name_table_recommendation.CheckOTFamilyNameRecommendation.test_check_opentype_familyname(): FAIL
$ fontbakery-fix-opentype-names.py /home/travis/build/fontdirectory/playfairdisplaysc/builds/build/PlayfairDisplaySC-Regular.ttf
$ mv /home/travis/build/fontdirectory/playfairdisplaysc/builds/build/PlayfairDisplaySC-Regular.ttf.fix /home/travis/build/fontdirectory/playfairdisplaysc/builds/build/PlayfairDisplaySC-Regular.ttf
bakery_lint.tests.downstream.test_check_name_table_recommendation.CheckOTFamilyNameRecommendation.test_check_opentype_familyname(): OK
bakery_lint.tests.downstream.test_check_name_table_recommendation.CheckOTStyleNameRecommendation.test_check_opentype_stylename(): OK
bakery_lint.tests.downstream.test_check_name_table_recommendation.CheckOTFullNameRecommendation.test_check_opentype_fullname(): OK
bakery_lint.tests.downstream.test_check_magic_prep_code.CheckMagicPREPByteCode.test_prep_magic_code(): FAIL
bakery_lint.tests.downstream.test_check_license_included.CheckLicenseIncluded.test_license_included_in_font_names(): OK
bakery_lint.tests.downstream.test_check_italic_angle_agreement.CheckItalicAngleAgreement.test_check_italic_angle_agreement(): OK
bakery_lint.tests.downstream.test_check_hmtx_hhea_max_advance_width_agreement.CheckHmtxHheaMaxAdvanceWidthAgreement.test_check_hmtx_hhea_max_advance_width_agreement(): OK
bakery_lint.tests.downstream.test_check_glyph_existence.CheckGlyphExistence.test_euro(): OK
bakery_lint.tests.downstream.test_check_glyph_existence.CheckGlyphExistence.test_nbsp(): OK
bakery_lint.tests.downstream.test_check_glyph_existence.CheckGlyphExistence.test_space(): OK
bakery_lint.tests.downstream.test_check_glyf_table_length.CheckGlyfTableLength.test_check_glyf_table_length(): FAIL
bakery_lint.tests.downstream.test_check_full_font_name_begins_with_family_name.CheckFullFontNameBeginsWithFamilyName.test_check_full_font_name_begins_with_family_name(): OK
bakery_lint.tests.downstream.test_check_fontname_matches_macstyle.CheckFontNameEqualToMacStyleFlags.test_fontname_is_equal_to_macstyle(): FAIL
bakery_lint.tests.downstream.test_check_font_tables.CheckFontHasDsigTable.test_check_font_has_dsig_table(): FAIL
$ fontbakery-fix-dsig.py /home/travis/build/fontdirectory/playfairdisplaysc/builds/build/PlayfairDisplaySC-Regular.ttf
$ mv /home/travis/build/fontdirectory/playfairdisplaysc/builds/build/PlayfairDisplaySC-Regular.ttf.fix /home/travis/build/fontdirectory/playfairdisplaysc/builds/build/PlayfairDisplaySC-Regular.ttf
bakery_lint.tests.downstream.test_check_font_tables.CheckFontHasDsigTable.test_check_font_has_dsig_table(): OK
bakery_lint.tests.downstream.test_check_font_tables.CheckFontHasNotKernTable.test_no_kern_table_exists(): OK
bakery_lint.tests.downstream.test_check_font_agreements.CheckFsTypeIsNotSet.test_is_fstype_not_set(): FAIL
$ fontbakery-fix-fstype.py --autofix /home/travis/build/fontdirectory/playfairdisplaysc/builds/build/PlayfairDisplaySC-Regular.ttf
$ mv /home/travis/build/fontdirectory/playfairdisplaysc/builds/build/PlayfairDisplaySC-Regular.ttf.fix /home/travis/build/fontdirectory/playfairdisplaysc/builds/build/PlayfairDisplaySC-Regular.ttf
bakery_lint.tests.downstream.test_check_font_agreements.CheckFsTypeIsNotSet.test_is_fstype_not_set(): OK
$ fontbakery-fix-fstype.py --autofix /home/travis/build/fontdirectory/playfairdisplaysc/builds/build/PlayfairDisplaySC-Regular.ttf
$ mv /home/travis/build/fontdirectory/playfairdisplaysc/builds/build/PlayfairDisplaySC-Regular.ttf.fix /home/travis/build/fontdirectory/playfairdisplaysc/builds/build/PlayfairDisplaySC-Regular.ttf
bakery_lint.tests.downstream.test_check_font_agreements.CheckFontAgreements.test_em_is_1000(): FAIL
bakery_lint.tests.downstream.test_check_font_agreements.CheckFontAgreements.test_font_is_font(): OK
bakery_lint.tests.downstream.test_check_font_agreements.CheckFontAgreements.test_latin_file_exists(): FAIL
bakery_lint.tests.downstream.test_check_font_agreements.CheckFontAgreements.test_menu_file_exists(): FAIL
### Optimize TTF PlayfairDisplaySC-Regular.ttf
$ ls -l 'PlayfairDisplaySC-Regular.ttf'* # look at the size savings of that subset process
PlayfairDisplaySC-Regular.ttf.opt: 148500 bytes
PlayfairDisplaySC-Regular.ttf: 155784 bytes
$ mv /home/travis/build/fontdirectory/playfairdisplaysc/builds/build/PlayfairDisplaySC-Regular.ttf.opt /home/travis/build/fontdirectory/playfairdisplaysc/builds/build/PlayfairDisplaySC-Regular.ttf
### Autohint TTFs (ttfautohint) PlayfairDisplaySC-Regular.ttf
$ ttfautohint -l 7 -r 28 -G 50 -x 13 -w "G" /home/travis/build/fontdirectory/playfairdisplaysc/builds/build/PlayfairDisplaySC-Regular.ttf '/home/travis/build/fontdirectory/playfairdisplaysc/builds/build/PlayfairDisplaySC-Regular.autohint.ttf'

$ ls -l /home/travis/build/fontdirectory/playfairdisplaysc/builds/build/PlayfairDisplaySC-Regular.*ttf # look at the size savings of that subset process
/home/travis/build/fontdirectory/playfairdisplaysc/builds/build/PlayfairDisplaySC-Regular.ttf: 148500 bytes
/home/travis/build/fontdirectory/playfairdisplaysc/builds/build/PlayfairDisplaySC-Regular.autohint.ttf: 132780 bytes
$ mv /home/travis/build/fontdirectory/playfairdisplaysc/builds/build/PlayfairDisplaySC-Regular.autohint.ttf /home/travis/build/fontdirectory/playfairdisplaysc/builds/build/PlayfairDisplaySC-Regular.ttf
### Subset TTFs (pyftsubset) PlayfairDisplaySC-Regular.ttf
$ pyftsubset PlayfairDisplaySC-Regular.latin
$ pyftsubset PlayfairDisplaySC-Regular.menu
strippedname:/home/travis/build/fontdirectory/playfairdisplaysc/builds/build/PlayfairDisplaySC-Regular.ttf
spaceWidth is    510
nbspWidth is     510
Nothing to do
### Test PlayfairDisplaySC-Italic.ttf
$ fontbakery-check.py result PlayfairDisplaySC-Italic.ttf
bakery_lint.tests.downstream.test_names_are_ascii_only.CheckNamesAreASCIIOnly.test_check_names_are_ascii_only(): FAIL
$ fontbakery-fix-ascii-fontmetadata.py /home/travis/build/fontdirectory/playfairdisplaysc/builds/build/PlayfairDisplaySC-Italic.ttf
$ mv /home/travis/build/fontdirectory/playfairdisplaysc/builds/build/PlayfairDisplaySC-Italic.ttf.fix /home/travis/build/fontdirectory/playfairdisplaysc/builds/build/PlayfairDisplaySC-Italic.ttf
bakery_lint.tests.downstream.test_names_are_ascii_only.CheckNamesAreASCIIOnly.test_check_names_are_ascii_only(): OK
bakery_lint.tests.downstream.test_gpos_table_has_kerning_info.CheckGposTableHasKerningInfo.test_gpos_table_has_kerning_info(): OK
bakery_lint.tests.downstream.test_gasp_table_value.CheckGaspTableType.test_check_gasp_table_type(): OK
$ fontbakery-fix-gasp.py --set=15 /home/travis/build/fontdirectory/playfairdisplaysc/builds/build/PlayfairDisplaySC-Italic.ttf
$ mv /home/travis/build/fontdirectory/playfairdisplaysc/builds/build/PlayfairDisplaySC-Italic.ttf.fix /home/travis/build/fontdirectory/playfairdisplaysc/builds/build/PlayfairDisplaySC-Italic.ttf
The glyph named Delta is mapped to U+0394.
But its name indicates it should be mapped to U+2206.
The glyph named Omega is mapped to U+03A9.
But its name indicates it should be mapped to U+2126.
The glyph named mu is mapped to U+03BC.
But its name indicates it should be mapped to U+00B5.
bakery_lint.tests.downstream.test_fontforge_validation_state.FontForgeValidateStateTest.test_allowed_numbers_paths_in_composite_glyphs(): OK
bakery_lint.tests.downstream.test_fontforge_validation_state.FontForgeValidateStateTest.test_allowed_numbers_paths_in_glyphs(): OK
bakery_lint.tests.downstream.test_fontforge_validation_state.FontForgeValidateStateTest.test_allowed_numbers_points_in_composite_glyphs(): OK
bakery_lint.tests.downstream.test_fontforge_validation_state.FontForgeValidateStateTest.test_allowed_numbers_points_in_glyphs(): OK
bakery_lint.tests.downstream.test_fontforge_validation_state.FontForgeValidateStateTest.test_duplicate_glyphs(): OK
bakery_lint.tests.downstream.test_fontforge_validation_state.FontForgeValidateStateTest.test_duplicate_unicode_codepoints(): OK
bakery_lint.tests.downstream.test_fontforge_validation_state.FontForgeValidateStateTest.test_flipped_reference_in_glyphs(): FAIL
bakery_lint.tests.downstream.test_fontforge_validation_state.FontForgeValidateStateTest.test_missing_anchors(): OK
bakery_lint.tests.downstream.test_fontforge_validation_state.FontForgeValidateStateTest.test_missing_extrema_in_glyphs(): FAIL
bakery_lint.tests.downstream.test_fontforge_validation_state.FontForgeValidateStateTest.test_overlapped_hints(): OK
bakery_lint.tests.downstream.test_fontforge_validation_state.FontForgeValidateStateTest.test_points_are_integer_aligned(): OK
bakery_lint.tests.downstream.test_fontforge_validation_state.FontForgeValidateStateTest.test_points_are_not_too_far_apart(): OK
bakery_lint.tests.downstream.test_fontforge_validation_state.FontForgeValidateStateTest.test_postscript_hasnt_limit_hints_in_glyphs(): OK
bakery_lint.tests.downstream.test_fontforge_validation_state.FontForgeValidateStateTest.test_postscript_hasnt_limit_points_in_glyphs(): OK
bakery_lint.tests.downstream.test_fontforge_validation_state.FontForgeValidateStateTest.test_referenced_glyphs_are_present(): OK
bakery_lint.tests.downstream.test_fontforge_validation_state.FontForgeValidateStateTest.test_valid_glyph_names(): OK
bakery_lint.tests.downstream.test_fontforge_validation_state.FontForgeValidateStateTest.test_valid_length_instructions(): OK
bakery_lint.tests.downstream.test_fontforge_validation_state.FontForgeValidateStateTest.test_validation_glyph_intersect(): FAIL
bakery_lint.tests.downstream.test_fontforge_validation_state.FontForgeValidateStateTest.test_validation_open_contours(): OK
bakery_lint.tests.downstream.test_fontforge_validation_state.FontForgeValidateStateTest.test_wrong_direction_in_glyphs(): FAIL
bakery_lint.tests.downstream.test_check_vertical_metrics.CheckVerticalLinegapMetrics.test_metrics_linegaps_are_zero(): OK
bakery_lint.tests.downstream.test_check_vertical_metrics.CheckVerticalAscentMetrics.test_metrics_ascents_equal_bbox(): OK
bakery_lint.tests.downstream.test_check_vertical_metrics.CheckVerticalDescentMetrics.test_metrics_descents_equal_bbox(): OK
bakery_lint.tests.downstream.test_check_upm_heights_less_120.TestCheckUPMHeightsLess120.test_check_upm_heigths_less_120(): FAIL
bakery_lint.tests.downstream.test_check_unused_glyph_data.CheckUnusedGlyphData.test_check_unused_glyph_data(): ERROR
bakery_lint.tests.downstream.test_check_unencoded_glyph.TestFontUnencodedGlyph.test_font_unencoded_glyphs(): FAIL
$ fontbakery-fix-glyph-private-encoding.py --autofix /home/travis/build/fontdirectory/playfairdisplaysc/builds/build/PlayfairDisplaySC-Italic.ttf
$ mv /home/travis/build/fontdirectory/playfairdisplaysc/builds/build/PlayfairDisplaySC-Italic.ttf.fix /home/travis/build/fontdirectory/playfairdisplaysc/builds/build/PlayfairDisplaySC-Italic.ttf
bakery_lint.tests.downstream.test_check_unencoded_glyph.TestFontUnencodedGlyph.test_font_unencoded_glyphs(): FAIL
bakery_lint.tests.downstream.test_check_panose_identification.CheckPanoseIdentification.test_check_panose_identification(): OK
bakery_lint.tests.downstream.test_check_os2_width_class.CheckOS2WidthClass.test_check_os2_width_class(): OK
bakery_lint.tests.downstream.test_check_no_problematic_formats.CheckNoProblematicFormats.test_check_no_problematic_formats(): OK
bakery_lint.tests.downstream.test_check_nbsp_width_matches_sp_width.CheckNbspWidthMatchesSpWidth.test_check_nbsp_width_matches_sp_width(): FAIL
$ fontbakery-fix-nbsp.py /home/travis/build/fontdirectory/playfairdisplaysc/builds/build/PlayfairDisplaySC-Italic.ttf
$ mv /home/travis/build/fontdirectory/playfairdisplaysc/builds/build/PlayfairDisplaySC-Italic.ttf.fix /home/travis/build/fontdirectory/playfairdisplaysc/builds/build/PlayfairDisplaySC-Italic.ttf
bakery_lint.tests.downstream.test_check_nbsp_width_matches_sp_width.CheckNbspWidthMatchesSpWidth.test_check_nbsp_width_matches_sp_width(): FAIL
bakery_lint.tests.downstream.test_check_names_same_across_platforms.CheckNamesSameAcrossPlatforms.test_check_names_same_across_platforms(): OK
bakery_lint.tests.downstream.test_check_name_table_recommendation.CheckStyleNameRecommendation.test_check_stylename_is_under_recommendations(): OK
bakery_lint.tests.downstream.test_check_name_table_recommendation.CheckOTFamilyNameRecommendation.test_check_opentype_familyname(): FAIL
$ fontbakery-fix-opentype-names.py /home/travis/build/fontdirectory/playfairdisplaysc/builds/build/PlayfairDisplaySC-Italic.ttf
$ mv /home/travis/build/fontdirectory/playfairdisplaysc/builds/build/PlayfairDisplaySC-Italic.ttf.fix /home/travis/build/fontdirectory/playfairdisplaysc/builds/build/PlayfairDisplaySC-Italic.ttf
bakery_lint.tests.downstream.test_check_name_table_recommendation.CheckOTFamilyNameRecommendation.test_check_opentype_familyname(): OK
bakery_lint.tests.downstream.test_check_name_table_recommendation.CheckOTStyleNameRecommendation.test_check_opentype_stylename(): FAIL
$ fontbakery-fix-opentype-names.py /home/travis/build/fontdirectory/playfairdisplaysc/builds/build/PlayfairDisplaySC-Italic.ttf
$ mv /home/travis/build/fontdirectory/playfairdisplaysc/builds/build/PlayfairDisplaySC-Italic.ttf.fix /home/travis/build/fontdirectory/playfairdisplaysc/builds/build/PlayfairDisplaySC-Italic.ttf
bakery_lint.tests.downstream.test_check_name_table_recommendation.CheckOTStyleNameRecommendation.test_check_opentype_stylename(): FAIL
bakery_lint.tests.downstream.test_check_name_table_recommendation.CheckOTFullNameRecommendation.test_check_opentype_fullname(): OK
bakery_lint.tests.downstream.test_check_magic_prep_code.CheckMagicPREPByteCode.test_prep_magic_code(): FAIL
bakery_lint.tests.downstream.test_check_license_included.CheckLicenseIncluded.test_license_included_in_font_names(): OK
bakery_lint.tests.downstream.test_check_italic_angle_agreement.CheckItalicAngleAgreement.test_check_italic_angle_agreement(): OK
bakery_lint.tests.downstream.test_check_hmtx_hhea_max_advance_width_agreement.CheckHmtxHheaMaxAdvanceWidthAgreement.test_check_hmtx_hhea_max_advance_width_agreement(): OK
bakery_lint.tests.downstream.test_check_glyph_existence.CheckGlyphExistence.test_euro(): OK
bakery_lint.tests.downstream.test_check_glyph_existence.CheckGlyphExistence.test_nbsp(): OK
bakery_lint.tests.downstream.test_check_glyph_existence.CheckGlyphExistence.test_space(): OK
bakery_lint.tests.downstream.test_check_glyf_table_length.CheckGlyfTableLength.test_check_glyf_table_length(): FAIL
bakery_lint.tests.downstream.test_check_full_font_name_begins_with_family_name.CheckFullFontNameBeginsWithFamilyName.test_check_full_font_name_begins_with_family_name(): OK
bakery_lint.tests.downstream.test_check_fontname_matches_macstyle.CheckFontNameEqualToMacStyleFlags.test_fontname_is_equal_to_macstyle(): FAIL
bakery_lint.tests.downstream.test_check_font_tables.CheckFontHasDsigTable.test_check_font_has_dsig_table(): FAIL
$ fontbakery-fix-dsig.py /home/travis/build/fontdirectory/playfairdisplaysc/builds/build/PlayfairDisplaySC-Italic.ttf
$ mv /home/travis/build/fontdirectory/playfairdisplaysc/builds/build/PlayfairDisplaySC-Italic.ttf.fix /home/travis/build/fontdirectory/playfairdisplaysc/builds/build/PlayfairDisplaySC-Italic.ttf
bakery_lint.tests.downstream.test_check_font_tables.CheckFontHasDsigTable.test_check_font_has_dsig_table(): OK
bakery_lint.tests.downstream.test_check_font_tables.CheckFontHasNotKernTable.test_no_kern_table_exists(): OK
bakery_lint.tests.downstream.test_check_font_agreements.CheckFsTypeIsNotSet.test_is_fstype_not_set(): FAIL
$ fontbakery-fix-fstype.py --autofix /home/travis/build/fontdirectory/playfairdisplaysc/builds/build/PlayfairDisplaySC-Italic.ttf
$ mv /home/travis/build/fontdirectory/playfairdisplaysc/builds/build/PlayfairDisplaySC-Italic.ttf.fix /home/travis/build/fontdirectory/playfairdisplaysc/builds/build/PlayfairDisplaySC-Italic.ttf
bakery_lint.tests.downstream.test_check_font_agreements.CheckFsTypeIsNotSet.test_is_fstype_not_set(): OK
$ fontbakery-fix-fstype.py --autofix /home/travis/build/fontdirectory/playfairdisplaysc/builds/build/PlayfairDisplaySC-Italic.ttf
$ mv /home/travis/build/fontdirectory/playfairdisplaysc/builds/build/PlayfairDisplaySC-Italic.ttf.fix /home/travis/build/fontdirectory/playfairdisplaysc/builds/build/PlayfairDisplaySC-Italic.ttf
bakery_lint.tests.downstream.test_check_font_agreements.CheckFontAgreements.test_em_is_1000(): FAIL
bakery_lint.tests.downstream.test_check_font_agreements.CheckFontAgreements.test_font_is_font(): OK
bakery_lint.tests.downstream.test_check_font_agreements.CheckFontAgreements.test_latin_file_exists(): FAIL
bakery_lint.tests.downstream.test_check_font_agreements.CheckFontAgreements.test_menu_file_exists(): FAIL
### Optimize TTF PlayfairDisplaySC-Italic.ttf
$ ls -l 'PlayfairDisplaySC-Italic.ttf'* # look at the size savings of that subset process
PlayfairDisplaySC-Italic.ttf.opt: 145432 bytes
PlayfairDisplaySC-Italic.ttf: 152672 bytes
$ mv /home/travis/build/fontdirectory/playfairdisplaysc/builds/build/PlayfairDisplaySC-Italic.ttf.opt /home/travis/build/fontdirectory/playfairdisplaysc/builds/build/PlayfairDisplaySC-Italic.ttf
### Autohint TTFs (ttfautohint) PlayfairDisplaySC-Italic.ttf
$ ttfautohint -l 7 -r 28 -G 50 -x 13 -w "G" /home/travis/build/fontdirectory/playfairdisplaysc/builds/build/PlayfairDisplaySC-Italic.ttf '/home/travis/build/fontdirectory/playfairdisplaysc/builds/build/PlayfairDisplaySC-Italic.autohint.ttf'

$ ls -l /home/travis/build/fontdirectory/playfairdisplaysc/builds/build/PlayfairDisplaySC-Italic.*ttf # look at the size savings of that subset process
/home/travis/build/fontdirectory/playfairdisplaysc/builds/build/PlayfairDisplaySC-Italic.ttf: 145432 bytes
/home/travis/build/fontdirectory/playfairdisplaysc/builds/build/PlayfairDisplaySC-Italic.autohint.ttf: 136932 bytes
$ mv /home/travis/build/fontdirectory/playfairdisplaysc/builds/build/PlayfairDisplaySC-Italic.autohint.ttf /home/travis/build/fontdirectory/playfairdisplaysc/builds/build/PlayfairDisplaySC-Italic.ttf
### Subset TTFs (pyftsubset) PlayfairDisplaySC-Italic.ttf
$ pyftsubset PlayfairDisplaySC-Italic.latin
$ pyftsubset PlayfairDisplaySC-Italic.menu
strippedname:/home/travis/build/fontdirectory/playfairdisplaysc/builds/build/PlayfairDisplaySC-Italic.ttf
spaceWidth is    518
nbspWidth is     518
Nothing to do
### Test PlayfairDisplaySC-BoldItalic.ttf
$ fontbakery-check.py result PlayfairDisplaySC-BoldItalic.ttf
bakery_lint.tests.downstream.test_names_are_ascii_only.CheckNamesAreASCIIOnly.test_check_names_are_ascii_only(): FAIL
$ fontbakery-fix-ascii-fontmetadata.py /home/travis/build/fontdirectory/playfairdisplaysc/builds/build/PlayfairDisplaySC-BoldItalic.ttf
$ mv /home/travis/build/fontdirectory/playfairdisplaysc/builds/build/PlayfairDisplaySC-BoldItalic.ttf.fix /home/travis/build/fontdirectory/playfairdisplaysc/builds/build/PlayfairDisplaySC-BoldItalic.ttf
bakery_lint.tests.downstream.test_names_are_ascii_only.CheckNamesAreASCIIOnly.test_check_names_are_ascii_only(): OK
bakery_lint.tests.downstream.test_gpos_table_has_kerning_info.CheckGposTableHasKerningInfo.test_gpos_table_has_kerning_info(): OK
bakery_lint.tests.downstream.test_gasp_table_value.CheckGaspTableType.test_check_gasp_table_type(): OK
$ fontbakery-fix-gasp.py --set=15 /home/travis/build/fontdirectory/playfairdisplaysc/builds/build/PlayfairDisplaySC-BoldItalic.ttf
$ mv /home/travis/build/fontdirectory/playfairdisplaysc/builds/build/PlayfairDisplaySC-BoldItalic.ttf.fix /home/travis/build/fontdirectory/playfairdisplaysc/builds/build/PlayfairDisplaySC-BoldItalic.ttf
The glyph named Delta is mapped to U+0394.
But its name indicates it should be mapped to U+2206.
The glyph named Omega is mapped to U+03A9.
But its name indicates it should be mapped to U+2126.
The glyph named mu is mapped to U+03BC.
But its name indicates it should be mapped to U+00B5.
bakery_lint.tests.downstream.test_fontforge_validation_state.FontForgeValidateStateTest.test_allowed_numbers_paths_in_composite_glyphs(): OK
bakery_lint.tests.downstream.test_fontforge_validation_state.FontForgeValidateStateTest.test_allowed_numbers_paths_in_glyphs(): OK
bakery_lint.tests.downstream.test_fontforge_validation_state.FontForgeValidateStateTest.test_allowed_numbers_points_in_composite_glyphs(): OK
bakery_lint.tests.downstream.test_fontforge_validation_state.FontForgeValidateStateTest.test_allowed_numbers_points_in_glyphs(): OK
bakery_lint.tests.downstream.test_fontforge_validation_state.FontForgeValidateStateTest.test_duplicate_glyphs(): OK
bakery_lint.tests.downstream.test_fontforge_validation_state.FontForgeValidateStateTest.test_duplicate_unicode_codepoints(): OK
bakery_lint.tests.downstream.test_fontforge_validation_state.FontForgeValidateStateTest.test_flipped_reference_in_glyphs(): FAIL
bakery_lint.tests.downstream.test_fontforge_validation_state.FontForgeValidateStateTest.test_missing_anchors(): OK
bakery_lint.tests.downstream.test_fontforge_validation_state.FontForgeValidateStateTest.test_missing_extrema_in_glyphs(): FAIL
bakery_lint.tests.downstream.test_fontforge_validation_state.FontForgeValidateStateTest.test_overlapped_hints(): OK
bakery_lint.tests.downstream.test_fontforge_validation_state.FontForgeValidateStateTest.test_points_are_integer_aligned(): OK
bakery_lint.tests.downstream.test_fontforge_validation_state.FontForgeValidateStateTest.test_points_are_not_too_far_apart(): OK
bakery_lint.tests.downstream.test_fontforge_validation_state.FontForgeValidateStateTest.test_postscript_hasnt_limit_hints_in_glyphs(): OK
bakery_lint.tests.downstream.test_fontforge_validation_state.FontForgeValidateStateTest.test_postscript_hasnt_limit_points_in_glyphs(): OK
bakery_lint.tests.downstream.test_fontforge_validation_state.FontForgeValidateStateTest.test_referenced_glyphs_are_present(): OK
bakery_lint.tests.downstream.test_fontforge_validation_state.FontForgeValidateStateTest.test_valid_glyph_names(): OK
bakery_lint.tests.downstream.test_fontforge_validation_state.FontForgeValidateStateTest.test_valid_length_instructions(): OK
bakery_lint.tests.downstream.test_fontforge_validation_state.FontForgeValidateStateTest.test_validation_glyph_intersect(): FAIL
bakery_lint.tests.downstream.test_fontforge_validation_state.FontForgeValidateStateTest.test_validation_open_contours(): OK
bakery_lint.tests.downstream.test_fontforge_validation_state.FontForgeValidateStateTest.test_wrong_direction_in_glyphs(): FAIL
bakery_lint.tests.downstream.test_check_vertical_metrics.CheckVerticalLinegapMetrics.test_metrics_linegaps_are_zero(): OK
bakery_lint.tests.downstream.test_check_vertical_metrics.CheckVerticalAscentMetrics.test_metrics_ascents_equal_bbox(): OK
bakery_lint.tests.downstream.test_check_vertical_metrics.CheckVerticalDescentMetrics.test_metrics_descents_equal_bbox(): OK
bakery_lint.tests.downstream.test_check_upm_heights_less_120.TestCheckUPMHeightsLess120.test_check_upm_heigths_less_120(): FAIL
bakery_lint.tests.downstream.test_check_unused_glyph_data.CheckUnusedGlyphData.test_check_unused_glyph_data(): ERROR
bakery_lint.tests.downstream.test_check_unencoded_glyph.TestFontUnencodedGlyph.test_font_unencoded_glyphs(): FAIL
$ fontbakery-fix-glyph-private-encoding.py --autofix /home/travis/build/fontdirectory/playfairdisplaysc/builds/build/PlayfairDisplaySC-BoldItalic.ttf
$ mv /home/travis/build/fontdirectory/playfairdisplaysc/builds/build/PlayfairDisplaySC-BoldItalic.ttf.fix /home/travis/build/fontdirectory/playfairdisplaysc/builds/build/PlayfairDisplaySC-BoldItalic.ttf
bakery_lint.tests.downstream.test_check_unencoded_glyph.TestFontUnencodedGlyph.test_font_unencoded_glyphs(): FAIL
bakery_lint.tests.downstream.test_check_panose_identification.CheckPanoseIdentification.test_check_panose_identification(): OK
bakery_lint.tests.downstream.test_check_os2_width_class.CheckOS2WidthClass.test_check_os2_width_class(): OK
bakery_lint.tests.downstream.test_check_no_problematic_formats.CheckNoProblematicFormats.test_check_no_problematic_formats(): OK
bakery_lint.tests.downstream.test_check_nbsp_width_matches_sp_width.CheckNbspWidthMatchesSpWidth.test_check_nbsp_width_matches_sp_width(): FAIL
$ fontbakery-fix-nbsp.py /home/travis/build/fontdirectory/playfairdisplaysc/builds/build/PlayfairDisplaySC-BoldItalic.ttf
$ mv /home/travis/build/fontdirectory/playfairdisplaysc/builds/build/PlayfairDisplaySC-BoldItalic.ttf.fix /home/travis/build/fontdirectory/playfairdisplaysc/builds/build/PlayfairDisplaySC-BoldItalic.ttf
bakery_lint.tests.downstream.test_check_nbsp_width_matches_sp_width.CheckNbspWidthMatchesSpWidth.test_check_nbsp_width_matches_sp_width(): FAIL
bakery_lint.tests.downstream.test_check_names_same_across_platforms.CheckNamesSameAcrossPlatforms.test_check_names_same_across_platforms(): OK
bakery_lint.tests.downstream.test_check_name_table_recommendation.CheckStyleNameRecommendation.test_check_stylename_is_under_recommendations(): OK
bakery_lint.tests.downstream.test_check_name_table_recommendation.CheckOTFamilyNameRecommendation.test_check_opentype_familyname(): FAIL
$ fontbakery-fix-opentype-names.py /home/travis/build/fontdirectory/playfairdisplaysc/builds/build/PlayfairDisplaySC-BoldItalic.ttf
$ mv /home/travis/build/fontdirectory/playfairdisplaysc/builds/build/PlayfairDisplaySC-BoldItalic.ttf.fix /home/travis/build/fontdirectory/playfairdisplaysc/builds/build/PlayfairDisplaySC-BoldItalic.ttf
bakery_lint.tests.downstream.test_check_name_table_recommendation.CheckOTFamilyNameRecommendation.test_check_opentype_familyname(): OK
bakery_lint.tests.downstream.test_check_name_table_recommendation.CheckOTStyleNameRecommendation.test_check_opentype_stylename(): OK
bakery_lint.tests.downstream.test_check_name_table_recommendation.CheckOTFullNameRecommendation.test_check_opentype_fullname(): OK
bakery_lint.tests.downstream.test_check_magic_prep_code.CheckMagicPREPByteCode.test_prep_magic_code(): FAIL
bakery_lint.tests.downstream.test_check_license_included.CheckLicenseIncluded.test_license_included_in_font_names(): OK
bakery_lint.tests.downstream.test_check_italic_angle_agreement.CheckItalicAngleAgreement.test_check_italic_angle_agreement(): OK
bakery_lint.tests.downstream.test_check_hmtx_hhea_max_advance_width_agreement.CheckHmtxHheaMaxAdvanceWidthAgreement.test_check_hmtx_hhea_max_advance_width_agreement(): OK
bakery_lint.tests.downstream.test_check_glyph_existence.CheckGlyphExistence.test_euro(): OK
bakery_lint.tests.downstream.test_check_glyph_existence.CheckGlyphExistence.test_nbsp(): OK
bakery_lint.tests.downstream.test_check_glyph_existence.CheckGlyphExistence.test_space(): OK
bakery_lint.tests.downstream.test_check_glyf_table_length.CheckGlyfTableLength.test_check_glyf_table_length(): FAIL
bakery_lint.tests.downstream.test_check_full_font_name_begins_with_family_name.CheckFullFontNameBeginsWithFamilyName.test_check_full_font_name_begins_with_family_name(): OK
bakery_lint.tests.downstream.test_check_fontname_matches_macstyle.CheckFontNameEqualToMacStyleFlags.test_fontname_is_equal_to_macstyle(): FAIL
bakery_lint.tests.downstream.test_check_font_tables.CheckFontHasDsigTable.test_check_font_has_dsig_table(): FAIL
$ fontbakery-fix-dsig.py /home/travis/build/fontdirectory/playfairdisplaysc/builds/build/PlayfairDisplaySC-BoldItalic.ttf
$ mv /home/travis/build/fontdirectory/playfairdisplaysc/builds/build/PlayfairDisplaySC-BoldItalic.ttf.fix /home/travis/build/fontdirectory/playfairdisplaysc/builds/build/PlayfairDisplaySC-BoldItalic.ttf
bakery_lint.tests.downstream.test_check_font_tables.CheckFontHasDsigTable.test_check_font_has_dsig_table(): OK
bakery_lint.tests.downstream.test_check_font_tables.CheckFontHasNotKernTable.test_no_kern_table_exists(): OK
bakery_lint.tests.downstream.test_check_font_agreements.CheckFsTypeIsNotSet.test_is_fstype_not_set(): FAIL
$ fontbakery-fix-fstype.py --autofix /home/travis/build/fontdirectory/playfairdisplaysc/builds/build/PlayfairDisplaySC-BoldItalic.ttf
$ mv /home/travis/build/fontdirectory/playfairdisplaysc/builds/build/PlayfairDisplaySC-BoldItalic.ttf.fix /home/travis/build/fontdirectory/playfairdisplaysc/builds/build/PlayfairDisplaySC-BoldItalic.ttf
bakery_lint.tests.downstream.test_check_font_agreements.CheckFsTypeIsNotSet.test_is_fstype_not_set(): OK
$ fontbakery-fix-fstype.py --autofix /home/travis/build/fontdirectory/playfairdisplaysc/builds/build/PlayfairDisplaySC-BoldItalic.ttf
$ mv /home/travis/build/fontdirectory/playfairdisplaysc/builds/build/PlayfairDisplaySC-BoldItalic.ttf.fix /home/travis/build/fontdirectory/playfairdisplaysc/builds/build/PlayfairDisplaySC-BoldItalic.ttf
bakery_lint.tests.downstream.test_check_font_agreements.CheckFontAgreements.test_em_is_1000(): FAIL
bakery_lint.tests.downstream.test_check_font_agreements.CheckFontAgreements.test_font_is_font(): OK
bakery_lint.tests.downstream.test_check_font_agreements.CheckFontAgreements.test_latin_file_exists(): FAIL
bakery_lint.tests.downstream.test_check_font_agreements.CheckFontAgreements.test_menu_file_exists(): FAIL
### Optimize TTF PlayfairDisplaySC-BoldItalic.ttf
$ ls -l 'PlayfairDisplaySC-BoldItalic.ttf'* # look at the size savings of that subset process
PlayfairDisplaySC-BoldItalic.ttf.opt: 149488 bytes
PlayfairDisplaySC-BoldItalic.ttf: 156744 bytes
$ mv /home/travis/build/fontdirectory/playfairdisplaysc/builds/build/PlayfairDisplaySC-BoldItalic.ttf.opt /home/travis/build/fontdirectory/playfairdisplaysc/builds/build/PlayfairDisplaySC-BoldItalic.ttf
### Autohint TTFs (ttfautohint) PlayfairDisplaySC-BoldItalic.ttf
$ ttfautohint -l 7 -r 28 -G 50 -x 13 -w "G" /home/travis/build/fontdirectory/playfairdisplaysc/builds/build/PlayfairDisplaySC-BoldItalic.ttf '/home/travis/build/fontdirectory/playfairdisplaysc/builds/build/PlayfairDisplaySC-BoldItalic.autohint.ttf'

$ ls -l /home/travis/build/fontdirectory/playfairdisplaysc/builds/build/PlayfairDisplaySC-BoldItalic.*ttf # look at the size savings of that subset process
/home/travis/build/fontdirectory/playfairdisplaysc/builds/build/PlayfairDisplaySC-BoldItalic.ttf: 149488 bytes
/home/travis/build/fontdirectory/playfairdisplaysc/builds/build/PlayfairDisplaySC-BoldItalic.autohint.ttf: 138140 bytes
$ mv /home/travis/build/fontdirectory/playfairdisplaysc/builds/build/PlayfairDisplaySC-BoldItalic.autohint.ttf /home/travis/build/fontdirectory/playfairdisplaysc/builds/build/PlayfairDisplaySC-BoldItalic.ttf
### Subset TTFs (pyftsubset) PlayfairDisplaySC-BoldItalic.ttf
$ pyftsubset PlayfairDisplaySC-BoldItalic.latin
$ pyftsubset PlayfairDisplaySC-BoldItalic.menu
strippedname:/home/travis/build/fontdirectory/playfairdisplaysc/builds/build/PlayfairDisplaySC-BoldItalic.ttf
spaceWidth is    523
nbspWidth is     523
Nothing to do
### Test PlayfairDisplaySC-Bold.ttf
$ fontbakery-check.py result PlayfairDisplaySC-Bold.ttf
bakery_lint.tests.downstream.test_names_are_ascii_only.CheckNamesAreASCIIOnly.test_check_names_are_ascii_only(): FAIL
$ fontbakery-fix-ascii-fontmetadata.py /home/travis/build/fontdirectory/playfairdisplaysc/builds/build/PlayfairDisplaySC-Bold.ttf
$ mv /home/travis/build/fontdirectory/playfairdisplaysc/builds/build/PlayfairDisplaySC-Bold.ttf.fix /home/travis/build/fontdirectory/playfairdisplaysc/builds/build/PlayfairDisplaySC-Bold.ttf
bakery_lint.tests.downstream.test_names_are_ascii_only.CheckNamesAreASCIIOnly.test_check_names_are_ascii_only(): OK
bakery_lint.tests.downstream.test_gpos_table_has_kerning_info.CheckGposTableHasKerningInfo.test_gpos_table_has_kerning_info(): OK
bakery_lint.tests.downstream.test_gasp_table_value.CheckGaspTableType.test_check_gasp_table_type(): OK
$ fontbakery-fix-gasp.py --set=15 /home/travis/build/fontdirectory/playfairdisplaysc/builds/build/PlayfairDisplaySC-Bold.ttf
$ mv /home/travis/build/fontdirectory/playfairdisplaysc/builds/build/PlayfairDisplaySC-Bold.ttf.fix /home/travis/build/fontdirectory/playfairdisplaysc/builds/build/PlayfairDisplaySC-Bold.ttf
The glyph named Delta is mapped to U+0394.
But its name indicates it should be mapped to U+2206.
The glyph named Omega is mapped to U+03A9.
But its name indicates it should be mapped to U+2126.
The glyph named mu is mapped to U+03BC.
But its name indicates it should be mapped to U+00B5.
bakery_lint.tests.downstream.test_fontforge_validation_state.FontForgeValidateStateTest.test_allowed_numbers_paths_in_composite_glyphs(): OK
bakery_lint.tests.downstream.test_fontforge_validation_state.FontForgeValidateStateTest.test_allowed_numbers_paths_in_glyphs(): OK
bakery_lint.tests.downstream.test_fontforge_validation_state.FontForgeValidateStateTest.test_allowed_numbers_points_in_composite_glyphs(): OK
bakery_lint.tests.downstream.test_fontforge_validation_state.FontForgeValidateStateTest.test_allowed_numbers_points_in_glyphs(): OK
bakery_lint.tests.downstream.test_fontforge_validation_state.FontForgeValidateStateTest.test_duplicate_glyphs(): OK
bakery_lint.tests.downstream.test_fontforge_validation_state.FontForgeValidateStateTest.test_duplicate_unicode_codepoints(): OK
bakery_lint.tests.downstream.test_fontforge_validation_state.FontForgeValidateStateTest.test_flipped_reference_in_glyphs(): FAIL
bakery_lint.tests.downstream.test_fontforge_validation_state.FontForgeValidateStateTest.test_missing_anchors(): OK
bakery_lint.tests.downstream.test_fontforge_validation_state.FontForgeValidateStateTest.test_missing_extrema_in_glyphs(): FAIL
bakery_lint.tests.downstream.test_fontforge_validation_state.FontForgeValidateStateTest.test_overlapped_hints(): OK
bakery_lint.tests.downstream.test_fontforge_validation_state.FontForgeValidateStateTest.test_points_are_integer_aligned(): OK
bakery_lint.tests.downstream.test_fontforge_validation_state.FontForgeValidateStateTest.test_points_are_not_too_far_apart(): OK
bakery_lint.tests.downstream.test_fontforge_validation_state.FontForgeValidateStateTest.test_postscript_hasnt_limit_hints_in_glyphs(): OK
bakery_lint.tests.downstream.test_fontforge_validation_state.FontForgeValidateStateTest.test_postscript_hasnt_limit_points_in_glyphs(): OK
bakery_lint.tests.downstream.test_fontforge_validation_state.FontForgeValidateStateTest.test_referenced_glyphs_are_present(): OK
bakery_lint.tests.downstream.test_fontforge_validation_state.FontForgeValidateStateTest.test_valid_glyph_names(): OK
bakery_lint.tests.downstream.test_fontforge_validation_state.FontForgeValidateStateTest.test_valid_length_instructions(): OK
bakery_lint.tests.downstream.test_fontforge_validation_state.FontForgeValidateStateTest.test_validation_glyph_intersect(): OK
bakery_lint.tests.downstream.test_fontforge_validation_state.FontForgeValidateStateTest.test_validation_open_contours(): OK
bakery_lint.tests.downstream.test_fontforge_validation_state.FontForgeValidateStateTest.test_wrong_direction_in_glyphs(): FAIL
bakery_lint.tests.downstream.test_check_vertical_metrics.CheckVerticalLinegapMetrics.test_metrics_linegaps_are_zero(): OK
bakery_lint.tests.downstream.test_check_vertical_metrics.CheckVerticalAscentMetrics.test_metrics_ascents_equal_bbox(): OK
bakery_lint.tests.downstream.test_check_vertical_metrics.CheckVerticalDescentMetrics.test_metrics_descents_equal_bbox(): OK
bakery_lint.tests.downstream.test_check_upm_heights_less_120.TestCheckUPMHeightsLess120.test_check_upm_heigths_less_120(): FAIL
bakery_lint.tests.downstream.test_check_unused_glyph_data.CheckUnusedGlyphData.test_check_unused_glyph_data(): ERROR
bakery_lint.tests.downstream.test_check_unencoded_glyph.TestFontUnencodedGlyph.test_font_unencoded_glyphs(): FAIL
$ fontbakery-fix-glyph-private-encoding.py --autofix /home/travis/build/fontdirectory/playfairdisplaysc/builds/build/PlayfairDisplaySC-Bold.ttf
$ mv /home/travis/build/fontdirectory/playfairdisplaysc/builds/build/PlayfairDisplaySC-Bold.ttf.fix /home/travis/build/fontdirectory/playfairdisplaysc/builds/build/PlayfairDisplaySC-Bold.ttf
bakery_lint.tests.downstream.test_check_unencoded_glyph.TestFontUnencodedGlyph.test_font_unencoded_glyphs(): FAIL
bakery_lint.tests.downstream.test_check_panose_identification.CheckPanoseIdentification.test_check_panose_identification(): OK
bakery_lint.tests.downstream.test_check_os2_width_class.CheckOS2WidthClass.test_check_os2_width_class(): OK
bakery_lint.tests.downstream.test_check_no_problematic_formats.CheckNoProblematicFormats.test_check_no_problematic_formats(): OK
bakery_lint.tests.downstream.test_check_nbsp_width_matches_sp_width.CheckNbspWidthMatchesSpWidth.test_check_nbsp_width_matches_sp_width(): FAIL
$ fontbakery-fix-nbsp.py /home/travis/build/fontdirectory/playfairdisplaysc/builds/build/PlayfairDisplaySC-Bold.ttf
$ mv /home/travis/build/fontdirectory/playfairdisplaysc/builds/build/PlayfairDisplaySC-Bold.ttf.fix /home/travis/build/fontdirectory/playfairdisplaysc/builds/build/PlayfairDisplaySC-Bold.ttf
bakery_lint.tests.downstream.test_check_nbsp_width_matches_sp_width.CheckNbspWidthMatchesSpWidth.test_check_nbsp_width_matches_sp_width(): FAIL
bakery_lint.tests.downstream.test_check_names_same_across_platforms.CheckNamesSameAcrossPlatforms.test_check_names_same_across_platforms(): OK
bakery_lint.tests.downstream.test_check_name_table_recommendation.CheckStyleNameRecommendation.test_check_stylename_is_under_recommendations(): OK
bakery_lint.tests.downstream.test_check_name_table_recommendation.CheckOTFamilyNameRecommendation.test_check_opentype_familyname(): FAIL
$ fontbakery-fix-opentype-names.py /home/travis/build/fontdirectory/playfairdisplaysc/builds/build/PlayfairDisplaySC-Bold.ttf
$ mv /home/travis/build/fontdirectory/playfairdisplaysc/builds/build/PlayfairDisplaySC-Bold.ttf.fix /home/travis/build/fontdirectory/playfairdisplaysc/builds/build/PlayfairDisplaySC-Bold.ttf
bakery_lint.tests.downstream.test_check_name_table_recommendation.CheckOTFamilyNameRecommendation.test_check_opentype_familyname(): OK
bakery_lint.tests.downstream.test_check_name_table_recommendation.CheckOTStyleNameRecommendation.test_check_opentype_stylename(): OK
bakery_lint.tests.downstream.test_check_name_table_recommendation.CheckOTFullNameRecommendation.test_check_opentype_fullname(): OK
bakery_lint.tests.downstream.test_check_magic_prep_code.CheckMagicPREPByteCode.test_prep_magic_code(): FAIL
bakery_lint.tests.downstream.test_check_license_included.CheckLicenseIncluded.test_license_included_in_font_names(): OK
bakery_lint.tests.downstream.test_check_italic_angle_agreement.CheckItalicAngleAgreement.test_check_italic_angle_agreement(): OK
bakery_lint.tests.downstream.test_check_hmtx_hhea_max_advance_width_agreement.CheckHmtxHheaMaxAdvanceWidthAgreement.test_check_hmtx_hhea_max_advance_width_agreement(): OK
bakery_lint.tests.downstream.test_check_glyph_existence.CheckGlyphExistence.test_euro(): OK
bakery_lint.tests.downstream.test_check_glyph_existence.CheckGlyphExistence.test_nbsp(): OK
bakery_lint.tests.downstream.test_check_glyph_existence.CheckGlyphExistence.test_space(): OK
bakery_lint.tests.downstream.test_check_glyf_table_length.CheckGlyfTableLength.test_check_glyf_table_length(): FAIL
bakery_lint.tests.downstream.test_check_full_font_name_begins_with_family_name.CheckFullFontNameBeginsWithFamilyName.test_check_full_font_name_begins_with_family_name(): OK
bakery_lint.tests.downstream.test_check_fontname_matches_macstyle.CheckFontNameEqualToMacStyleFlags.test_fontname_is_equal_to_macstyle(): FAIL
bakery_lint.tests.downstream.test_check_font_tables.CheckFontHasDsigTable.test_check_font_has_dsig_table(): FAIL
$ fontbakery-fix-dsig.py /home/travis/build/fontdirectory/playfairdisplaysc/builds/build/PlayfairDisplaySC-Bold.ttf
$ mv /home/travis/build/fontdirectory/playfairdisplaysc/builds/build/PlayfairDisplaySC-Bold.ttf.fix /home/travis/build/fontdirectory/playfairdisplaysc/builds/build/PlayfairDisplaySC-Bold.ttf
bakery_lint.tests.downstream.test_check_font_tables.CheckFontHasDsigTable.test_check_font_has_dsig_table(): OK
bakery_lint.tests.downstream.test_check_font_tables.CheckFontHasNotKernTable.test_no_kern_table_exists(): OK
bakery_lint.tests.downstream.test_check_font_agreements.CheckFsTypeIsNotSet.test_is_fstype_not_set(): FAIL
$ fontbakery-fix-fstype.py --autofix /home/travis/build/fontdirectory/playfairdisplaysc/builds/build/PlayfairDisplaySC-Bold.ttf
$ mv /home/travis/build/fontdirectory/playfairdisplaysc/builds/build/PlayfairDisplaySC-Bold.ttf.fix /home/travis/build/fontdirectory/playfairdisplaysc/builds/build/PlayfairDisplaySC-Bold.ttf
bakery_lint.tests.downstream.test_check_font_agreements.CheckFsTypeIsNotSet.test_is_fstype_not_set(): OK
$ fontbakery-fix-fstype.py --autofix /home/travis/build/fontdirectory/playfairdisplaysc/builds/build/PlayfairDisplaySC-Bold.ttf
$ mv /home/travis/build/fontdirectory/playfairdisplaysc/builds/build/PlayfairDisplaySC-Bold.ttf.fix /home/travis/build/fontdirectory/playfairdisplaysc/builds/build/PlayfairDisplaySC-Bold.ttf
bakery_lint.tests.downstream.test_check_font_agreements.CheckFontAgreements.test_em_is_1000(): FAIL
bakery_lint.tests.downstream.test_check_font_agreements.CheckFontAgreements.test_font_is_font(): OK
bakery_lint.tests.downstream.test_check_font_agreements.CheckFontAgreements.test_latin_file_exists(): FAIL
bakery_lint.tests.downstream.test_check_font_agreements.CheckFontAgreements.test_menu_file_exists(): FAIL
### Optimize TTF PlayfairDisplaySC-Bold.ttf
$ ls -l 'PlayfairDisplaySC-Bold.ttf'* # look at the size savings of that subset process
PlayfairDisplaySC-Bold.ttf.opt: 152292 bytes
PlayfairDisplaySC-Bold.ttf: 159588 bytes
$ mv /home/travis/build/fontdirectory/playfairdisplaysc/builds/build/PlayfairDisplaySC-Bold.ttf.opt /home/travis/build/fontdirectory/playfairdisplaysc/builds/build/PlayfairDisplaySC-Bold.ttf
### Autohint TTFs (ttfautohint) PlayfairDisplaySC-Bold.ttf
$ ttfautohint -l 7 -r 28 -G 50 -x 13 -w "G" /home/travis/build/fontdirectory/playfairdisplaysc/builds/build/PlayfairDisplaySC-Bold.ttf '/home/travis/build/fontdirectory/playfairdisplaysc/builds/build/PlayfairDisplaySC-Bold.autohint.ttf'

$ ls -l /home/travis/build/fontdirectory/playfairdisplaysc/builds/build/PlayfairDisplaySC-Bold.*ttf # look at the size savings of that subset process
/home/travis/build/fontdirectory/playfairdisplaysc/builds/build/PlayfairDisplaySC-Bold.ttf: 152292 bytes
/home/travis/build/fontdirectory/playfairdisplaysc/builds/build/PlayfairDisplaySC-Bold.autohint.ttf: 137540 bytes
$ mv /home/travis/build/fontdirectory/playfairdisplaysc/builds/build/PlayfairDisplaySC-Bold.autohint.ttf /home/travis/build/fontdirectory/playfairdisplaysc/builds/build/PlayfairDisplaySC-Bold.ttf
### Subset TTFs (pyftsubset) PlayfairDisplaySC-Bold.ttf
$ pyftsubset PlayfairDisplaySC-Bold.latin
$ pyftsubset PlayfairDisplaySC-Bold.menu
strippedname:/home/travis/build/fontdirectory/playfairdisplaysc/builds/build/PlayfairDisplaySC-Bold.ttf
spaceWidth is    478
nbspWidth is     478
Nothing to do
### Test PlayfairDisplaySC-BlackItalic.ttf
$ fontbakery-check.py result PlayfairDisplaySC-BlackItalic.ttf
bakery_lint.tests.downstream.test_names_are_ascii_only.CheckNamesAreASCIIOnly.test_check_names_are_ascii_only(): FAIL
$ fontbakery-fix-ascii-fontmetadata.py /home/travis/build/fontdirectory/playfairdisplaysc/builds/build/PlayfairDisplaySC-BlackItalic.ttf
$ mv /home/travis/build/fontdirectory/playfairdisplaysc/builds/build/PlayfairDisplaySC-BlackItalic.ttf.fix /home/travis/build/fontdirectory/playfairdisplaysc/builds/build/PlayfairDisplaySC-BlackItalic.ttf
bakery_lint.tests.downstream.test_names_are_ascii_only.CheckNamesAreASCIIOnly.test_check_names_are_ascii_only(): OK
bakery_lint.tests.downstream.test_gpos_table_has_kerning_info.CheckGposTableHasKerningInfo.test_gpos_table_has_kerning_info(): OK
bakery_lint.tests.downstream.test_gasp_table_value.CheckGaspTableType.test_check_gasp_table_type(): OK
$ fontbakery-fix-gasp.py --set=15 /home/travis/build/fontdirectory/playfairdisplaysc/builds/build/PlayfairDisplaySC-BlackItalic.ttf
$ mv /home/travis/build/fontdirectory/playfairdisplaysc/builds/build/PlayfairDisplaySC-BlackItalic.ttf.fix /home/travis/build/fontdirectory/playfairdisplaysc/builds/build/PlayfairDisplaySC-BlackItalic.ttf
Warning: Mac string is a subset of the Windows string in the 'name' table
 for the Family string in the English (US) language.
Warning: Mac and Windows entries in the 'name' table differ for the
 SubFamily string in the language English (US)
 Mac String: Black Italic
Windows String: Italic
The glyph named Delta is mapped to U+0394.
But its name indicates it should be mapped to U+2206.
The glyph named Omega is mapped to U+03A9.
But its name indicates it should be mapped to U+2126.
The glyph named mu is mapped to U+03BC.
But its name indicates it should be mapped to U+00B5.
bakery_lint.tests.downstream.test_fontforge_validation_state.FontForgeValidateStateTest.test_allowed_numbers_paths_in_composite_glyphs(): OK
bakery_lint.tests.downstream.test_fontforge_validation_state.FontForgeValidateStateTest.test_allowed_numbers_paths_in_glyphs(): OK
bakery_lint.tests.downstream.test_fontforge_validation_state.FontForgeValidateStateTest.test_allowed_numbers_points_in_composite_glyphs(): OK
bakery_lint.tests.downstream.test_fontforge_validation_state.FontForgeValidateStateTest.test_allowed_numbers_points_in_glyphs(): OK
bakery_lint.tests.downstream.test_fontforge_validation_state.FontForgeValidateStateTest.test_duplicate_glyphs(): OK
bakery_lint.tests.downstream.test_fontforge_validation_state.FontForgeValidateStateTest.test_duplicate_unicode_codepoints(): OK
bakery_lint.tests.downstream.test_fontforge_validation_state.FontForgeValidateStateTest.test_flipped_reference_in_glyphs(): FAIL
bakery_lint.tests.downstream.test_fontforge_validation_state.FontForgeValidateStateTest.test_missing_anchors(): OK
bakery_lint.tests.downstream.test_fontforge_validation_state.FontForgeValidateStateTest.test_missing_extrema_in_glyphs(): FAIL
bakery_lint.tests.downstream.test_fontforge_validation_state.FontForgeValidateStateTest.test_overlapped_hints(): OK
bakery_lint.tests.downstream.test_fontforge_validation_state.FontForgeValidateStateTest.test_points_are_integer_aligned(): OK
bakery_lint.tests.downstream.test_fontforge_validation_state.FontForgeValidateStateTest.test_points_are_not_too_far_apart(): OK
bakery_lint.tests.downstream.test_fontforge_validation_state.FontForgeValidateStateTest.test_postscript_hasnt_limit_hints_in_glyphs(): OK
bakery_lint.tests.downstream.test_fontforge_validation_state.FontForgeValidateStateTest.test_postscript_hasnt_limit_points_in_glyphs(): OK
bakery_lint.tests.downstream.test_fontforge_validation_state.FontForgeValidateStateTest.test_referenced_glyphs_are_present(): OK
bakery_lint.tests.downstream.test_fontforge_validation_state.FontForgeValidateStateTest.test_valid_glyph_names(): OK
bakery_lint.tests.downstream.test_fontforge_validation_state.FontForgeValidateStateTest.test_valid_length_instructions(): OK
bakery_lint.tests.downstream.test_fontforge_validation_state.FontForgeValidateStateTest.test_validation_glyph_intersect(): FAIL
bakery_lint.tests.downstream.test_fontforge_validation_state.FontForgeValidateStateTest.test_validation_open_contours(): OK
bakery_lint.tests.downstream.test_fontforge_validation_state.FontForgeValidateStateTest.test_wrong_direction_in_glyphs(): FAIL
bakery_lint.tests.downstream.test_check_vertical_metrics.CheckVerticalLinegapMetrics.test_metrics_linegaps_are_zero(): OK
bakery_lint.tests.downstream.test_check_vertical_metrics.CheckVerticalAscentMetrics.test_metrics_ascents_equal_bbox(): OK
bakery_lint.tests.downstream.test_check_vertical_metrics.CheckVerticalDescentMetrics.test_metrics_descents_equal_bbox(): OK
bakery_lint.tests.downstream.test_check_upm_heights_less_120.TestCheckUPMHeightsLess120.test_check_upm_heigths_less_120(): FAIL
bakery_lint.tests.downstream.test_check_unused_glyph_data.CheckUnusedGlyphData.test_check_unused_glyph_data(): ERROR
bakery_lint.tests.downstream.test_check_unencoded_glyph.TestFontUnencodedGlyph.test_font_unencoded_glyphs(): FAIL
$ fontbakery-fix-glyph-private-encoding.py --autofix /home/travis/build/fontdirectory/playfairdisplaysc/builds/build/PlayfairDisplaySC-BlackItalic.ttf
$ mv /home/travis/build/fontdirectory/playfairdisplaysc/builds/build/PlayfairDisplaySC-BlackItalic.ttf.fix /home/travis/build/fontdirectory/playfairdisplaysc/builds/build/PlayfairDisplaySC-BlackItalic.ttf
bakery_lint.tests.downstream.test_check_unencoded_glyph.TestFontUnencodedGlyph.test_font_unencoded_glyphs(): FAIL
bakery_lint.tests.downstream.test_check_panose_identification.CheckPanoseIdentification.test_check_panose_identification(): OK
bakery_lint.tests.downstream.test_check_os2_width_class.CheckOS2WidthClass.test_check_os2_width_class(): OK
bakery_lint.tests.downstream.test_check_no_problematic_formats.CheckNoProblematicFormats.test_check_no_problematic_formats(): OK
bakery_lint.tests.downstream.test_check_nbsp_width_matches_sp_width.CheckNbspWidthMatchesSpWidth.test_check_nbsp_width_matches_sp_width(): FAIL
$ fontbakery-fix-nbsp.py /home/travis/build/fontdirectory/playfairdisplaysc/builds/build/PlayfairDisplaySC-BlackItalic.ttf
$ mv /home/travis/build/fontdirectory/playfairdisplaysc/builds/build/PlayfairDisplaySC-BlackItalic.ttf.fix /home/travis/build/fontdirectory/playfairdisplaysc/builds/build/PlayfairDisplaySC-BlackItalic.ttf
bakery_lint.tests.downstream.test_check_nbsp_width_matches_sp_width.CheckNbspWidthMatchesSpWidth.test_check_nbsp_width_matches_sp_width(): FAIL
bakery_lint.tests.downstream.test_check_names_same_across_platforms.CheckNamesSameAcrossPlatforms.test_check_names_same_across_platforms(): FAIL
bakery_lint.tests.downstream.test_check_name_table_recommendation.CheckStyleNameRecommendation.test_check_stylename_is_under_recommendations(): FAIL
$ fontbakery-fix-opentype-names.py /home/travis/build/fontdirectory/playfairdisplaysc/builds/build/PlayfairDisplaySC-BlackItalic.ttf
$ mv /home/travis/build/fontdirectory/playfairdisplaysc/builds/build/PlayfairDisplaySC-BlackItalic.ttf.fix /home/travis/build/fontdirectory/playfairdisplaysc/builds/build/PlayfairDisplaySC-BlackItalic.ttf
bakery_lint.tests.downstream.test_check_name_table_recommendation.CheckStyleNameRecommendation.test_check_stylename_is_under_recommendations(): FAIL
bakery_lint.tests.downstream.test_check_name_table_recommendation.CheckOTFamilyNameRecommendation.test_check_opentype_familyname(): OK
bakery_lint.tests.downstream.test_check_name_table_recommendation.CheckOTStyleNameRecommendation.test_check_opentype_stylename(): FAIL
$ fontbakery-fix-opentype-names.py /home/travis/build/fontdirectory/playfairdisplaysc/builds/build/PlayfairDisplaySC-BlackItalic.ttf
$ mv /home/travis/build/fontdirectory/playfairdisplaysc/builds/build/PlayfairDisplaySC-BlackItalic.ttf.fix /home/travis/build/fontdirectory/playfairdisplaysc/builds/build/PlayfairDisplaySC-BlackItalic.ttf
bakery_lint.tests.downstream.test_check_name_table_recommendation.CheckOTStyleNameRecommendation.test_check_opentype_stylename(): FAIL
bakery_lint.tests.downstream.test_check_name_table_recommendation.CheckOTFullNameRecommendation.test_check_opentype_fullname(): OK
bakery_lint.tests.downstream.test_check_magic_prep_code.CheckMagicPREPByteCode.test_prep_magic_code(): FAIL
bakery_lint.tests.downstream.test_check_license_included.CheckLicenseIncluded.test_license_included_in_font_names(): OK
bakery_lint.tests.downstream.test_check_italic_angle_agreement.CheckItalicAngleAgreement.test_check_italic_angle_agreement(): OK
bakery_lint.tests.downstream.test_check_hmtx_hhea_max_advance_width_agreement.CheckHmtxHheaMaxAdvanceWidthAgreement.test_check_hmtx_hhea_max_advance_width_agreement(): OK
bakery_lint.tests.downstream.test_check_glyph_existence.CheckGlyphExistence.test_euro(): OK
bakery_lint.tests.downstream.test_check_glyph_existence.CheckGlyphExistence.test_nbsp(): OK
bakery_lint.tests.downstream.test_check_glyph_existence.CheckGlyphExistence.test_space(): OK
bakery_lint.tests.downstream.test_check_glyf_table_length.CheckGlyfTableLength.test_check_glyf_table_length(): FAIL
bakery_lint.tests.downstream.test_check_full_font_name_begins_with_family_name.CheckFullFontNameBeginsWithFamilyName.test_check_full_font_name_begins_with_family_name(): OK
bakery_lint.tests.downstream.test_check_fontname_matches_macstyle.CheckFontNameEqualToMacStyleFlags.test_fontname_is_equal_to_macstyle(): FAIL
bakery_lint.tests.downstream.test_check_font_tables.CheckFontHasDsigTable.test_check_font_has_dsig_table(): FAIL
$ fontbakery-fix-dsig.py /home/travis/build/fontdirectory/playfairdisplaysc/builds/build/PlayfairDisplaySC-BlackItalic.ttf
$ mv /home/travis/build/fontdirectory/playfairdisplaysc/builds/build/PlayfairDisplaySC-BlackItalic.ttf.fix /home/travis/build/fontdirectory/playfairdisplaysc/builds/build/PlayfairDisplaySC-BlackItalic.ttf
bakery_lint.tests.downstream.test_check_font_tables.CheckFontHasDsigTable.test_check_font_has_dsig_table(): OK
bakery_lint.tests.downstream.test_check_font_tables.CheckFontHasNotKernTable.test_no_kern_table_exists(): OK
bakery_lint.tests.downstream.test_check_font_agreements.CheckFsTypeIsNotSet.test_is_fstype_not_set(): FAIL
$ fontbakery-fix-fstype.py --autofix /home/travis/build/fontdirectory/playfairdisplaysc/builds/build/PlayfairDisplaySC-BlackItalic.ttf
$ mv /home/travis/build/fontdirectory/playfairdisplaysc/builds/build/PlayfairDisplaySC-BlackItalic.ttf.fix /home/travis/build/fontdirectory/playfairdisplaysc/builds/build/PlayfairDisplaySC-BlackItalic.ttf
bakery_lint.tests.downstream.test_check_font_agreements.CheckFsTypeIsNotSet.test_is_fstype_not_set(): OK
$ fontbakery-fix-fstype.py --autofix /home/travis/build/fontdirectory/playfairdisplaysc/builds/build/PlayfairDisplaySC-BlackItalic.ttf
$ mv /home/travis/build/fontdirectory/playfairdisplaysc/builds/build/PlayfairDisplaySC-BlackItalic.ttf.fix /home/travis/build/fontdirectory/playfairdisplaysc/builds/build/PlayfairDisplaySC-BlackItalic.ttf
bakery_lint.tests.downstream.test_check_font_agreements.CheckFontAgreements.test_em_is_1000(): FAIL
bakery_lint.tests.downstream.test_check_font_agreements.CheckFontAgreements.test_font_is_font(): OK
bakery_lint.tests.downstream.test_check_font_agreements.CheckFontAgreements.test_latin_file_exists(): FAIL
bakery_lint.tests.downstream.test_check_font_agreements.CheckFontAgreements.test_menu_file_exists(): FAIL
### Optimize TTF PlayfairDisplaySC-BlackItalic.ttf
$ ls -l 'PlayfairDisplaySC-BlackItalic.ttf'* # look at the size savings of that subset process
PlayfairDisplaySC-BlackItalic.ttf.opt: 150852 bytes
PlayfairDisplaySC-BlackItalic.ttf: 158116 bytes
$ mv /home/travis/build/fontdirectory/playfairdisplaysc/builds/build/PlayfairDisplaySC-BlackItalic.ttf.opt /home/travis/build/fontdirectory/playfairdisplaysc/builds/build/PlayfairDisplaySC-BlackItalic.ttf
### Autohint TTFs (ttfautohint) PlayfairDisplaySC-BlackItalic.ttf
$ ttfautohint -l 7 -r 28 -G 50 -x 13 -w "G" /home/travis/build/fontdirectory/playfairdisplaysc/builds/build/PlayfairDisplaySC-BlackItalic.ttf '/home/travis/build/fontdirectory/playfairdisplaysc/builds/build/PlayfairDisplaySC-BlackItalic.autohint.ttf'

$ ls -l /home/travis/build/fontdirectory/playfairdisplaysc/builds/build/PlayfairDisplaySC-BlackItalic.*ttf # look at the size savings of that subset process
/home/travis/build/fontdirectory/playfairdisplaysc/builds/build/PlayfairDisplaySC-BlackItalic.ttf: 150852 bytes
/home/travis/build/fontdirectory/playfairdisplaysc/builds/build/PlayfairDisplaySC-BlackItalic.autohint.ttf: 139076 bytes
$ mv /home/travis/build/fontdirectory/playfairdisplaysc/builds/build/PlayfairDisplaySC-BlackItalic.autohint.ttf /home/travis/build/fontdirectory/playfairdisplaysc/builds/build/PlayfairDisplaySC-BlackItalic.ttf
### Subset TTFs (pyftsubset) PlayfairDisplaySC-BlackItalic.ttf
$ pyftsubset PlayfairDisplaySC-BlackItalic.latin
$ pyftsubset PlayfairDisplaySC-BlackItalic.menu
strippedname:/home/travis/build/fontdirectory/playfairdisplaysc/builds/build/PlayfairDisplaySC-BlackItalic.ttf
spaceWidth is    526
nbspWidth is     526
Nothing to do
### Test PlayfairDisplaySC-Black.ttf
$ fontbakery-check.py result PlayfairDisplaySC-Black.ttf
bakery_lint.tests.downstream.test_names_are_ascii_only.CheckNamesAreASCIIOnly.test_check_names_are_ascii_only(): FAIL
$ fontbakery-fix-ascii-fontmetadata.py /home/travis/build/fontdirectory/playfairdisplaysc/builds/build/PlayfairDisplaySC-Black.ttf
$ mv /home/travis/build/fontdirectory/playfairdisplaysc/builds/build/PlayfairDisplaySC-Black.ttf.fix /home/travis/build/fontdirectory/playfairdisplaysc/builds/build/PlayfairDisplaySC-Black.ttf
bakery_lint.tests.downstream.test_names_are_ascii_only.CheckNamesAreASCIIOnly.test_check_names_are_ascii_only(): OK
bakery_lint.tests.downstream.test_gpos_table_has_kerning_info.CheckGposTableHasKerningInfo.test_gpos_table_has_kerning_info(): OK
bakery_lint.tests.downstream.test_gasp_table_value.CheckGaspTableType.test_check_gasp_table_type(): OK
$ fontbakery-fix-gasp.py --set=15 /home/travis/build/fontdirectory/playfairdisplaysc/builds/build/PlayfairDisplaySC-Black.ttf
$ mv /home/travis/build/fontdirectory/playfairdisplaysc/builds/build/PlayfairDisplaySC-Black.ttf.fix /home/travis/build/fontdirectory/playfairdisplaysc/builds/build/PlayfairDisplaySC-Black.ttf
Warning: Mac string is a subset of the Windows string in the 'name' table
 for the Family string in the English (US) language.
Warning: Mac and Windows entries in the 'name' table differ for the
 SubFamily string in the language English (US)
 Mac String: Black
Windows String: Regular
The glyph named Delta is mapped to U+0394.
But its name indicates it should be mapped to U+2206.
The glyph named Omega is mapped to U+03A9.
But its name indicates it should be mapped to U+2126.
The glyph named mu is mapped to U+03BC.
But its name indicates it should be mapped to U+00B5.
bakery_lint.tests.downstream.test_fontforge_validation_state.FontForgeValidateStateTest.test_allowed_numbers_paths_in_composite_glyphs(): OK
bakery_lint.tests.downstream.test_fontforge_validation_state.FontForgeValidateStateTest.test_allowed_numbers_paths_in_glyphs(): OK
bakery_lint.tests.downstream.test_fontforge_validation_state.FontForgeValidateStateTest.test_allowed_numbers_points_in_composite_glyphs(): OK
bakery_lint.tests.downstream.test_fontforge_validation_state.FontForgeValidateStateTest.test_allowed_numbers_points_in_glyphs(): OK
bakery_lint.tests.downstream.test_fontforge_validation_state.FontForgeValidateStateTest.test_duplicate_glyphs(): OK
bakery_lint.tests.downstream.test_fontforge_validation_state.FontForgeValidateStateTest.test_duplicate_unicode_codepoints(): OK
bakery_lint.tests.downstream.test_fontforge_validation_state.FontForgeValidateStateTest.test_flipped_reference_in_glyphs(): FAIL
bakery_lint.tests.downstream.test_fontforge_validation_state.FontForgeValidateStateTest.test_missing_anchors(): OK
bakery_lint.tests.downstream.test_fontforge_validation_state.FontForgeValidateStateTest.test_missing_extrema_in_glyphs(): FAIL
bakery_lint.tests.downstream.test_fontforge_validation_state.FontForgeValidateStateTest.test_overlapped_hints(): OK
bakery_lint.tests.downstream.test_fontforge_validation_state.FontForgeValidateStateTest.test_points_are_integer_aligned(): OK
bakery_lint.tests.downstream.test_fontforge_validation_state.FontForgeValidateStateTest.test_points_are_not_too_far_apart(): OK
bakery_lint.tests.downstream.test_fontforge_validation_state.FontForgeValidateStateTest.test_postscript_hasnt_limit_hints_in_glyphs(): OK
bakery_lint.tests.downstream.test_fontforge_validation_state.FontForgeValidateStateTest.test_postscript_hasnt_limit_points_in_glyphs(): OK
bakery_lint.tests.downstream.test_fontforge_validation_state.FontForgeValidateStateTest.test_referenced_glyphs_are_present(): OK
bakery_lint.tests.downstream.test_fontforge_validation_state.FontForgeValidateStateTest.test_valid_glyph_names(): OK
bakery_lint.tests.downstream.test_fontforge_validation_state.FontForgeValidateStateTest.test_valid_length_instructions(): OK
bakery_lint.tests.downstream.test_fontforge_validation_state.FontForgeValidateStateTest.test_validation_glyph_intersect(): FAIL
bakery_lint.tests.downstream.test_fontforge_validation_state.FontForgeValidateStateTest.test_validation_open_contours(): OK
bakery_lint.tests.downstream.test_fontforge_validation_state.FontForgeValidateStateTest.test_wrong_direction_in_glyphs(): FAIL
bakery_lint.tests.downstream.test_check_vertical_metrics.CheckVerticalLinegapMetrics.test_metrics_linegaps_are_zero(): OK
bakery_lint.tests.downstream.test_check_vertical_metrics.CheckVerticalAscentMetrics.test_metrics_ascents_equal_bbox(): OK
bakery_lint.tests.downstream.test_check_vertical_metrics.CheckVerticalDescentMetrics.test_metrics_descents_equal_bbox(): OK
bakery_lint.tests.downstream.test_check_upm_heights_less_120.TestCheckUPMHeightsLess120.test_check_upm_heigths_less_120(): FAIL
bakery_lint.tests.downstream.test_check_unused_glyph_data.CheckUnusedGlyphData.test_check_unused_glyph_data(): ERROR
bakery_lint.tests.downstream.test_check_unencoded_glyph.TestFontUnencodedGlyph.test_font_unencoded_glyphs(): FAIL
$ fontbakery-fix-glyph-private-encoding.py --autofix /home/travis/build/fontdirectory/playfairdisplaysc/builds/build/PlayfairDisplaySC-Black.ttf
$ mv /home/travis/build/fontdirectory/playfairdisplaysc/builds/build/PlayfairDisplaySC-Black.ttf.fix /home/travis/build/fontdirectory/playfairdisplaysc/builds/build/PlayfairDisplaySC-Black.ttf
bakery_lint.tests.downstream.test_check_unencoded_glyph.TestFontUnencodedGlyph.test_font_unencoded_glyphs(): FAIL
bakery_lint.tests.downstream.test_check_panose_identification.CheckPanoseIdentification.test_check_panose_identification(): OK
bakery_lint.tests.downstream.test_check_os2_width_class.CheckOS2WidthClass.test_check_os2_width_class(): OK
bakery_lint.tests.downstream.test_check_no_problematic_formats.CheckNoProblematicFormats.test_check_no_problematic_formats(): OK
bakery_lint.tests.downstream.test_check_nbsp_width_matches_sp_width.CheckNbspWidthMatchesSpWidth.test_check_nbsp_width_matches_sp_width(): FAIL
$ fontbakery-fix-nbsp.py /home/travis/build/fontdirectory/playfairdisplaysc/builds/build/PlayfairDisplaySC-Black.ttf
$ mv /home/travis/build/fontdirectory/playfairdisplaysc/builds/build/PlayfairDisplaySC-Black.ttf.fix /home/travis/build/fontdirectory/playfairdisplaysc/builds/build/PlayfairDisplaySC-Black.ttf
bakery_lint.tests.downstream.test_check_nbsp_width_matches_sp_width.CheckNbspWidthMatchesSpWidth.test_check_nbsp_width_matches_sp_width(): FAIL
bakery_lint.tests.downstream.test_check_names_same_across_platforms.CheckNamesSameAcrossPlatforms.test_check_names_same_across_platforms(): FAIL
bakery_lint.tests.downstream.test_check_name_table_recommendation.CheckStyleNameRecommendation.test_check_stylename_is_under_recommendations(): FAIL
$ fontbakery-fix-opentype-names.py /home/travis/build/fontdirectory/playfairdisplaysc/builds/build/PlayfairDisplaySC-Black.ttf
$ mv /home/travis/build/fontdirectory/playfairdisplaysc/builds/build/PlayfairDisplaySC-Black.ttf.fix /home/travis/build/fontdirectory/playfairdisplaysc/builds/build/PlayfairDisplaySC-Black.ttf
bakery_lint.tests.downstream.test_check_name_table_recommendation.CheckStyleNameRecommendation.test_check_stylename_is_under_recommendations(): FAIL
bakery_lint.tests.downstream.test_check_name_table_recommendation.CheckOTFamilyNameRecommendation.test_check_opentype_familyname(): OK
bakery_lint.tests.downstream.test_check_name_table_recommendation.CheckOTStyleNameRecommendation.test_check_opentype_stylename(): FAIL
$ fontbakery-fix-opentype-names.py /home/travis/build/fontdirectory/playfairdisplaysc/builds/build/PlayfairDisplaySC-Black.ttf
$ mv /home/travis/build/fontdirectory/playfairdisplaysc/builds/build/PlayfairDisplaySC-Black.ttf.fix /home/travis/build/fontdirectory/playfairdisplaysc/builds/build/PlayfairDisplaySC-Black.ttf
bakery_lint.tests.downstream.test_check_name_table_recommendation.CheckOTStyleNameRecommendation.test_check_opentype_stylename(): FAIL
bakery_lint.tests.downstream.test_check_name_table_recommendation.CheckOTFullNameRecommendation.test_check_opentype_fullname(): OK
bakery_lint.tests.downstream.test_check_magic_prep_code.CheckMagicPREPByteCode.test_prep_magic_code(): FAIL
bakery_lint.tests.downstream.test_check_license_included.CheckLicenseIncluded.test_license_included_in_font_names(): OK
bakery_lint.tests.downstream.test_check_italic_angle_agreement.CheckItalicAngleAgreement.test_check_italic_angle_agreement(): OK
bakery_lint.tests.downstream.test_check_hmtx_hhea_max_advance_width_agreement.CheckHmtxHheaMaxAdvanceWidthAgreement.test_check_hmtx_hhea_max_advance_width_agreement(): OK
bakery_lint.tests.downstream.test_check_glyph_existence.CheckGlyphExistence.test_euro(): OK
bakery_lint.tests.downstream.test_check_glyph_existence.CheckGlyphExistence.test_nbsp(): OK
bakery_lint.tests.downstream.test_check_glyph_existence.CheckGlyphExistence.test_space(): OK
bakery_lint.tests.downstream.test_check_glyf_table_length.CheckGlyfTableLength.test_check_glyf_table_length(): FAIL
bakery_lint.tests.downstream.test_check_full_font_name_begins_with_family_name.CheckFullFontNameBeginsWithFamilyName.test_check_full_font_name_begins_with_family_name(): OK
bakery_lint.tests.downstream.test_check_fontname_matches_macstyle.CheckFontNameEqualToMacStyleFlags.test_fontname_is_equal_to_macstyle(): FAIL
bakery_lint.tests.downstream.test_check_font_tables.CheckFontHasDsigTable.test_check_font_has_dsig_table(): FAIL
$ fontbakery-fix-dsig.py /home/travis/build/fontdirectory/playfairdisplaysc/builds/build/PlayfairDisplaySC-Black.ttf
$ mv /home/travis/build/fontdirectory/playfairdisplaysc/builds/build/PlayfairDisplaySC-Black.ttf.fix /home/travis/build/fontdirectory/playfairdisplaysc/builds/build/PlayfairDisplaySC-Black.ttf
bakery_lint.tests.downstream.test_check_font_tables.CheckFontHasDsigTable.test_check_font_has_dsig_table(): OK
bakery_lint.tests.downstream.test_check_font_tables.CheckFontHasNotKernTable.test_no_kern_table_exists(): OK
bakery_lint.tests.downstream.test_check_font_agreements.CheckFsTypeIsNotSet.test_is_fstype_not_set(): FAIL
$ fontbakery-fix-fstype.py --autofix /home/travis/build/fontdirectory/playfairdisplaysc/builds/build/PlayfairDisplaySC-Black.ttf
$ mv /home/travis/build/fontdirectory/playfairdisplaysc/builds/build/PlayfairDisplaySC-Black.ttf.fix /home/travis/build/fontdirectory/playfairdisplaysc/builds/build/PlayfairDisplaySC-Black.ttf
bakery_lint.tests.downstream.test_check_font_agreements.CheckFsTypeIsNotSet.test_is_fstype_not_set(): OK
$ fontbakery-fix-fstype.py --autofix /home/travis/build/fontdirectory/playfairdisplaysc/builds/build/PlayfairDisplaySC-Black.ttf
$ mv /home/travis/build/fontdirectory/playfairdisplaysc/builds/build/PlayfairDisplaySC-Black.ttf.fix /home/travis/build/fontdirectory/playfairdisplaysc/builds/build/PlayfairDisplaySC-Black.ttf
bakery_lint.tests.downstream.test_check_font_agreements.CheckFontAgreements.test_em_is_1000(): FAIL
bakery_lint.tests.downstream.test_check_font_agreements.CheckFontAgreements.test_font_is_font(): OK
bakery_lint.tests.downstream.test_check_font_agreements.CheckFontAgreements.test_latin_file_exists(): FAIL
bakery_lint.tests.downstream.test_check_font_agreements.CheckFontAgreements.test_menu_file_exists(): FAIL
### Optimize TTF PlayfairDisplaySC-Black.ttf
$ ls -l 'PlayfairDisplaySC-Black.ttf'* # look at the size savings of that subset process
PlayfairDisplaySC-Black.ttf.opt: 150344 bytes
PlayfairDisplaySC-Black.ttf: 157644 bytes
$ mv /home/travis/build/fontdirectory/playfairdisplaysc/builds/build/PlayfairDisplaySC-Black.ttf.opt /home/travis/build/fontdirectory/playfairdisplaysc/builds/build/PlayfairDisplaySC-Black.ttf
### Autohint TTFs (ttfautohint) PlayfairDisplaySC-Black.ttf
$ ttfautohint -l 7 -r 28 -G 50 -x 13 -w "G" /home/travis/build/fontdirectory/playfairdisplaysc/builds/build/PlayfairDisplaySC-Black.ttf '/home/travis/build/fontdirectory/playfairdisplaysc/builds/build/PlayfairDisplaySC-Black.autohint.ttf'

$ ls -l /home/travis/build/fontdirectory/playfairdisplaysc/builds/build/PlayfairDisplaySC-Black.*ttf # look at the size savings of that subset process
/home/travis/build/fontdirectory/playfairdisplaysc/builds/build/PlayfairDisplaySC-Black.ttf: 150344 bytes
/home/travis/build/fontdirectory/playfairdisplaysc/builds/build/PlayfairDisplaySC-Black.autohint.ttf: 135024 bytes
$ mv /home/travis/build/fontdirectory/playfairdisplaysc/builds/build/PlayfairDisplaySC-Black.autohint.ttf /home/travis/build/fontdirectory/playfairdisplaysc/builds/build/PlayfairDisplaySC-Black.ttf
### Subset TTFs (pyftsubset) PlayfairDisplaySC-Black.ttf
$ pyftsubset PlayfairDisplaySC-Black.latin
$ pyftsubset PlayfairDisplaySC-Black.menu
strippedname:/home/travis/build/fontdirectory/playfairdisplaysc/builds/build/PlayfairDisplaySC-Black.ttf
spaceWidth is    457
nbspWidth is     457
Nothing to do
### (5 of 6) Generate METADATA.json (fontbakery-build-metadata.py)
$ fontbakery-build-metadata.py /home/travis/build/fontdirectory/playfairdisplaysc/builds/build
{} exists
Designer's name from font is: Claus Eggers Srensen
Original size: 132780\nGzip size: 60512
Family Name: Playfair Display SC
PS Name: PlayfairDisplaySC-Black
Full Name: Playfair Display SC Black
Style: normal
Weight: 900
Filename: PlayfairDisplaySC-Black.ttf
Copyright: Copyright (c) 2010-2012 by Claus Eggers Srensen (es@forthehearts.net), with Reserved Font Name 'Playfair'.
Family Name: Playfair Display SC
PS Name: PlayfairDisplaySC-BlackItalic
Full Name: Playfair Display SC Black Italic
Style: italic
Weight: 900
Filename: PlayfairDisplaySC-BlackItalic.ttf
Copyright: Copyright (c) 2010-2012 by Claus Eggers Srensen (es@forthehearts.net), with Reserved Font Name 'Playfair'.
Family Name: Playfair Display SC
PS Name: PlayfairDisplaySC-Bold
Full Name: Playfair Display SC Bold
Style: normal
Weight: 700
Filename: PlayfairDisplaySC-Bold.ttf
Copyright: Copyright (c) 2010-2012 by Claus Eggers Srensen (es@forthehearts.net), with Reserved Font Name 'Playfair'.
Family Name: Playfair Display SC
PS Name: PlayfairDisplaySC-BoldItalic
Full Name: Playfair Display SC Bold Italic
Style: italic
Weight: 700
Filename: PlayfairDisplaySC-BoldItalic.ttf
Copyright: Copyright (c) 2010-2012 by Claus Eggers Srensen (es@forthehearts.net), with Reserved Font Name 'Playfair'.
Family Name: Playfair Display SC
PS Name: PlayfairDisplaySC-Italic
Full Name: Playfair Display SC Italic
Style: italic
Weight: 400
Filename: PlayfairDisplaySC-Italic.ttf
Copyright: Copyright (c) 2010-2012 by Claus Eggers Srensen (es@forthehearts.net), with Reserved Font Name 'Playfair'.
Family Name: Playfair Display SC
PS Name: PlayfairDisplaySC-Regular
Full Name: Playfair Display SC
Style: normal
Weight: 400
Filename: PlayfairDisplaySC-Regular.ttf
Copyright: Copyright (c) 2010-2012 by Claus Eggers Srensen (es@forthehearts.net), with Reserved Font Name 'Playfair'.
Error: 
ERROR: BUILD FAILED
